Component: ARM Compiler 5.05 update 2 (build 169) Tool: armlink [4d0f33]

==============================================================================

Section Cross References

    main.o(i.main) refers to key.o(i.Remote_KEY_Init) for Remote_KEY_Init
    main.o(i.main) refers to delay.o(i.delay_init) for delay_init
    main.o(i.main) refers to misc.o(i.NVIC_PriorityGroupConfig) for NVIC_PriorityGroupConfig
    main.o(i.main) refers to usart.o(i.USART1_Init) for USART1_Init
    main.o(i.main) refers to led.o(i.LED_Init) for LED_Init
    main.o(i.main) refers to lcd.o(i.LCD_Init) for LCD_Init
    main.o(i.main) refers to key.o(i.KEY_Init) for KEY_Init
    main.o(i.main) refers to tpad.o(i.TPAD_Init) for TPAD_Init
    main.o(i.main) refers to hc08.o(i.HC08_Init) for HC08_Init
    main.o(i.main) refers to hc08.o(i.HC08_SendString) for HC08_SendString
    main.o(i.main) refers to steer.o(i.steer_Init) for steer_Init
    main.o(i.main) refers to key.o(i.KEY_In_Init) for KEY_In_Init
    main.o(i.main) refers to user_mpu6050.o(i.MPU_USER_Init) for MPU_USER_Init
    main.o(i.main) refers to adc.o(i.Adc_Init) for Adc_Init
    main.o(i.main) refers to user_mpu6050.o(i.MPU_wRA) for MPU_wRA
    main.o(i.main) refers to user_adc.o(i.ADC_Get) for ADC_Get
    main.o(i.main) refers to timer.o(i.TIM3_PWM_Init) for TIM3_PWM_Init
    main.o(i.main) refers to array.o(i.PWM_Duty_Set) for PWM_Duty_Set
    main.o(i.main) refers to stm32f10x_tim.o(i.TIM_SetCompare3) for TIM_SetCompare3
    main.o(i.main) refers to fmul.o(.text) for __aeabi_fmul
    main.o(i.main) refers to fadd.o(.text) for __aeabi_fadd
    main.o(i.main) refers to f2d.o(.text) for __aeabi_f2d
    main.o(i.main) refers to dmul.o(.text) for __aeabi_dmul
    main.o(i.main) refers to cdrcmple.o(.text) for __aeabi_cdrcmple
    main.o(i.main) refers to dscalb.o(.text) for __ARM_scalbn
    main.o(i.main) refers to cdcmple.o(.text) for __aeabi_cdcmple
    main.o(i.main) refers to fscalb.o(.text) for __ARM_scalbnf
    main.o(i.main) refers to main.o(.data) for .data
    main.o(i.main) refers to steer.o(.data) for steer_speed_Flag
    main.o(i.main) refers to usmart_config.o(.data) for usmart_dev
    main.o(i.main) refers to usart.o(.bss) for xUSART
    main.o(i.main) refers to steer.o(.data) for PWM_Flag_1
    main.o(i.main) refers to printfa.o(i.__0sprintf) for __2sprintf
    main.o(i.main) refers to control_system.o(i.HC08_Press5) for HC08_Press5
    main.o(i.main) refers to control_system.o(i.HC08_Press6) for HC08_Press6
    main.o(i.main) refers to steer.o(i.steer_move) for steer_move
    main.o(i.main) refers to user_mpu6050.o(i.MPU6050_Report) for MPU6050_Report
    main.o(i.main) refers to user_mpu6050.o(i.MPU6050_Print) for MPU6050_Print
    main.o(i.main) refers to user_adc.o(i.ADC_Print) for ADC_Print
    main.o(i.main) refers to ffixi.o(.text) for __aeabi_f2iz
    main.o(i.main) refers to control_system.o(i.Acc_Control) for Acc_Control
    main.o(.data) refers to main.o(.conststring) for .conststring
    main.o(.data) refers to main.o(.conststring) for .conststring
    system_stm32f10x.o(i.SystemCoreClockUpdate) refers to system_stm32f10x.o(.data) for .data
    system_stm32f10x.o(i.SystemInit) refers to system_stm32f10x.o(i.SetSysClockTo72) for SetSysClockTo72
    array.o(i.GetARB) refers to array.o(i.GetRx) for GetRx
    array.o(i.GetARB) refers to array.o(i.GetRy) for GetRy
    array.o(i.GetARB) refers to array.o(i.GetRz) for GetRz
    array.o(i.GetARB) refers to array.o(i.Matrix_33_33) for Matrix_33_33
    array.o(i.GetNorm) refers to f2d.o(.text) for __aeabi_f2d
    array.o(i.GetNorm) refers to dmul.o(.text) for __aeabi_dmul
    array.o(i.GetNorm) refers to dadd.o(.text) for __aeabi_dadd
    array.o(i.GetNorm) refers to sqrt.o(i.sqrt) for sqrt
    array.o(i.GetNormxyz) refers to fmul.o(.text) for __aeabi_fmul
    array.o(i.GetNormxyz) refers to fadd.o(.text) for __aeabi_fadd
    array.o(i.GetNormxyz) refers to f2d.o(.text) for __aeabi_f2d
    array.o(i.GetNormxyz) refers to sqrt.o(i.sqrt) for sqrt
    array.o(i.GetRx) refers to f2d.o(.text) for __aeabi_f2d
    array.o(i.GetRx) refers to ddiv.o(.text) for __aeabi_ddiv
    array.o(i.GetRx) refers to cos.o(i.cos) for cos
    array.o(i.GetRx) refers to d2f.o(.text) for __aeabi_d2f
    array.o(i.GetRx) refers to sin.o(i.sin) for sin
    array.o(i.GetRx) refers to array.o(i.GetIndex) for GetIndex
    array.o(i.GetRy) refers to f2d.o(.text) for __aeabi_f2d
    array.o(i.GetRy) refers to ddiv.o(.text) for __aeabi_ddiv
    array.o(i.GetRy) refers to cos.o(i.cos) for cos
    array.o(i.GetRy) refers to d2f.o(.text) for __aeabi_d2f
    array.o(i.GetRy) refers to sin.o(i.sin) for sin
    array.o(i.GetRy) refers to array.o(i.GetIndex) for GetIndex
    array.o(i.GetRz) refers to f2d.o(.text) for __aeabi_f2d
    array.o(i.GetRz) refers to ddiv.o(.text) for __aeabi_ddiv
    array.o(i.GetRz) refers to cos.o(i.cos) for cos
    array.o(i.GetRz) refers to d2f.o(.text) for __aeabi_d2f
[...]
    __use_no_exception_handling              0x00000000   Number         0  useno.o ABSOLUTE
    __use_no_fp                              0x00000000   Number         0  useno.o ABSOLUTE
    __use_no_heap                            0x00000000   Number         0  useno.o ABSOLUTE
    __use_no_heap_region                     0x00000000   Number         0  useno.o ABSOLUTE
    __use_no_semihosting                     0x00000000   Number         0  useno.o ABSOLUTE
    __use_no_semihosting_swi                 0x00000000   Number         0  useno.o ABSOLUTE
    __use_no_signal_handling                 0x00000000   Number         0  useno.o ABSOLUTE
    _printf_a                                0x00000000   Number         0  stubs.o ABSOLUTE
    _printf_c                                0x00000000   Number         0  stubs.o ABSOLUTE
    _printf_charcount                        0x00000000   Number         0  stubs.o ABSOLUTE
    _printf_d                                0x00000000   Number         0  stubs.o ABSOLUTE
    _printf_e                                0x00000000   Number         0  stubs.o ABSOLUTE
    _printf_f                                0x00000000   Number         0  stubs.o ABSOLUTE
    _printf_flags                            0x00000000   Number         0  stubs.o ABSOLUTE
    _printf_fp_dec                           0x00000000   Number         0  stubs.o ABSOLUTE
    _printf_fp_hex                           0x00000000   Number         0  stubs.o ABSOLUTE
    _printf_g                                0x00000000   Number         0  stubs.o ABSOLUTE
    _printf_i                                0x00000000   Number         0  stubs.o ABSOLUTE
    _printf_int_dec                          0x00000000   Number         0  stubs.o ABSOLUTE
    _printf_l                                0x00000000   Number         0  stubs.o ABSOLUTE
    _printf_lc                               0x00000000   Number         0  stubs.o ABSOLUTE
    _printf_ll                               0x00000000   Number         0  stubs.o ABSOLUTE
    _printf_lld                              0x00000000   Number         0  stubs.o ABSOLUTE
    _printf_lli                              0x00000000   Number         0  stubs.o ABSOLUTE
    _printf_llo                              0x00000000   Number         0  stubs.o ABSOLUTE
    _printf_llu                              0x00000000   Number         0  stubs.o ABSOLUTE
    _printf_llx                              0x00000000   Number         0  stubs.o ABSOLUTE
    _printf_longlong_dec                     0x00000000   Number         0  stubs.o ABSOLUTE
    _printf_longlong_hex                     0x00000000   Number         0  stubs.o ABSOLUTE
    _printf_longlong_oct                     0x00000000   Number         0  stubs.o ABSOLUTE
    _printf_ls                               0x00000000   Number         0  stubs.o ABSOLUTE
    _printf_mbtowc                           0x00000000   Number         0  stubs.o ABSOLUTE
    _printf_n                                0x00000000   Number         0  stubs.o ABSOLUTE
    _printf_o                                0x00000000   Number         0  stubs.o ABSOLUTE
    _printf_p                                0x00000000   Number         0  stubs.o ABSOLUTE
    _printf_percent                          0x00000000   Number         0  stubs.o ABSOLUTE
    _printf_pre_padding                      0x00000000   Number         0  stubs.o ABSOLUTE
    _printf_return_value                     0x00000000   Number         0  stubs.o ABSOLUTE
    _printf_s                                0x00000000   Number         0  stubs.o ABSOLUTE
    _printf_sizespec                         0x00000000   Number         0  stubs.o ABSOLUTE
    _printf_str                              0x00000000   Number         0  stubs.o ABSOLUTE
    _printf_truncate_signed                  0x00000000   Number         0  stubs.o ABSOLUTE
    _printf_truncate_unsigned                0x00000000   Number         0  stubs.o ABSOLUTE
    _printf_u                                0x00000000   Number         0  stubs.o ABSOLUTE
    _printf_wc                               0x00000000   Number         0  stubs.o ABSOLUTE
    _printf_wctomb                           0x00000000   Number         0  stubs.o ABSOLUTE
    _printf_widthprec                        0x00000000   Number         0  stubs.o ABSOLUTE
    _printf_x                                0x00000000   Number         0  stubs.o ABSOLUTE
    __cpp_initialize__aeabi_                  - Undefined Weak Reference
    __cxa_finalize                            - Undefined Weak Reference
    _clock_init                               - Undefined Weak Reference
    _microlib_exit                            - Undefined Weak Reference
    __Vectors_Size                           0x00000130   Number         0  startup_stm32f10x_hd.o ABSOLUTE
    __Vectors                                0x08000000   Data           4  startup_stm32f10x_hd.o(RESET)
    __Vectors_End                            0x08000130   Data           0  startup_stm32f10x_hd.o(RESET)
    __main                                   0x08000131   Thumb Code     0  entry.o(.ARM.Collect$$$$00000000)
    _main_stk                                0x08000131   Thumb Code     0  entry2.o(.ARM.Collect$$$$00000001)
    _main_scatterload                        0x08000135   Thumb Code     0  entry5.o(.ARM.Collect$$$$00000004)
    __main_after_scatterload                 0x08000139   Thumb Code     0  entry5.o(.ARM.Collect$$$$00000004)
    _main_clock                              0x08000139   Thumb Code     0  entry7b.o(.ARM.Collect$$$$00000008)
    _main_cpp_init                           0x08000139   Thumb Code     0  entry8b.o(.ARM.Collect$$$$0000000A)
    _main_init                               0x08000139   Thumb Code     0  entry9a.o(.ARM.Collect$$$$0000000B)
    __rt_final_cpp                           0x08000141   Thumb Code     0  entry10a.o(.ARM.Collect$$$$0000000D)
    __rt_final_exit                          0x08000141   Thumb Code     0  entry11a.o(.ARM.Collect$$$$0000000F)
    Reset_Handler                            0x08000145   Thumb Code     8  startup_stm32f10x_hd.o(.text)
    ADC1_2_IRQHandler                        0x0800015f   Thumb Code     0  startup_stm32f10x_hd.o(.text)
    ADC3_IRQHandler                          0x0800015f   Thumb Code     0  startup_stm32f10x_hd.o(.text)
    CAN1_RX1_IRQHandler                      0x0800015f   Thumb Code     0  startup_stm32f10x_hd.o(.text)
    CAN1_SCE_IRQHandler                      0x0800015f   Thumb Code     0  startup_stm32f10x_hd.o(.text)
    DMA1_Channel1_IRQHandler                 0x0800015f   Thumb Code     0  startup_stm32f10x_hd.o(.text)
    DMA1_Channel2_IRQHandler                 0x0800015f   Thumb Code     0  startup_stm32f10x_hd.o(.text)
    DMA1_Channel3_IRQHandler                 0x0800015f   Thumb Code     0  startup_stm32f10x_hd.o(.text)
    DMA1_Channel4_IRQHandler                 0x0800015f   Thumb Code     0  startup_stm32f10x_hd.o(.text)
    DMA1_Channel5_IRQHandler                 0x0800015f   Thumb Code     0  startup_stm32f10x_hd.o(.text)
    DMA1_Channel6_IRQHandler                 0x0800015f   Thumb Code     0  startup_stm32f10x_hd.o(.text)
    DMA1_Channel7_IRQHandler                 0x0800015f   Thumb Code     0  startup_stm32f10x_hd.o(.text)
    DMA2_Channel1_IRQHandler                 0x0800015f   Thumb Code     0  startup_stm32f10x_hd.o(.text)
    DMA2_Channel2_IRQHandler                 0x0800015f   Thumb Code     0  startup_stm32f10x_hd.o(.text)
    DMA2_Channel3_IRQHandler                 0x0800015f   Thumb Code     0  startup_stm32f10x_hd.o(.text)
    DMA2_Channel4_5_IRQHandler               0x0800015f   Thumb Code     0  startup_stm32f10x_hd.o(.text)
    EXTI15_10_IRQHandler                     0x0800015f   Thumb Code     0  startup_stm32f10x_hd.o(.text)
    EXTI1_IRQHandler                         0x0800015f   Thumb Code     0  startup_stm32f10x_hd.o(.text)
    EXTI9_5_IRQHandler                       0x0800015f   Thumb Code     0  startup_stm32f10x_hd.o(.text)
    FLASH_IRQHandler                         0x0800015f   Thumb Code     0  startup_stm32f10x_hd.o(.text)
    FSMC_IRQHandler                          0x0800015f   Thumb Code     0  startup_stm32f10x_hd.o(.text)
    I2C1_ER_IRQHandler                       0x0800015f   Thumb Code     0  startup_stm32f10x_hd.o(.text)
    I2C1_EV_IRQHandler                       0x0800015f   Thumb Code     0  startup_stm32f10x_hd.o(.text)
    I2C2_ER_IRQHandler                       0x0800015f   Thumb Code     0  startup_stm32f10x_hd.o(.text)
    I2C2_EV_IRQHandler                       0x0800015f   Thumb Code     0  startup_stm32f10x_hd.o(.text)
    PVD_IRQHandler                           0x0800015f   Thumb Code     0  startup_stm32f10x_hd.o(.text)
    RCC_IRQHandler                           0x0800015f   Thumb Code     0  startup_stm32f10x_hd.o(.text)
    RTCAlarm_IRQHandler                      0x0800015f   Thumb Code     0  startup_stm32f10x_hd.o(.text)
    RTC_IRQHandler                           0x0800015f   Thumb Code     0  startup_stm32f10x_hd.o(.text)
    SDIO_IRQHandler                          0x0800015f   Thumb Code     0  startup_stm32f10x_hd.o(.text)
    SPI1_IRQHandler                          0x0800015f   Thumb Code     0  startup_stm32f10x_hd.o(.text)
    SPI2_IRQHandler                          0x0800015f   Thumb Code     0  startup_stm32f10x_hd.o(.text)
    SPI3_IRQHandler                          0x0800015f   Thumb Code     0  startup_stm32f10x_hd.o(.text)
    TAMPER_IRQHandler                        0x0800015f   Thumb Code     0  startup_stm32f10x_hd.o(.text)
    TIM1_BRK_IRQHandler                      0x0800015f   Thumb Code     0  startup_stm32f10x_hd.o(.text)
    TIM1_CC_IRQHandler                       0x0800015f   Thumb Code     0  startup_stm32f10x_hd.o(.text)
    TIM1_TRG_COM_IRQHandler                  0x0800015f   Thumb Code     0  startup_stm32f10x_hd.o(.text)
    TIM1_UP_IRQHandler                       0x0800015f   Thumb Code     0  startup_stm32f10x_hd.o(.text)
    TIM2_IRQHandler                          0x0800015f   Thumb Code     0  startup_stm32f10x_hd.o(.text)
    TIM7_IRQHandler                          0x0800015f   Thumb Code     0  startup_stm32f10x_hd.o(.text)
    TIM8_BRK_IRQHandler                      0x0800015f   Thumb Code     0  startup_stm32f10x_hd.o(.text)
    TIM8_CC_IRQHandler                       0x0800015f   Thumb Code     0  startup_stm32f10x_hd.o(.text)
    TIM8_TRG_COM_IRQHandler                  0x0800015f   Thumb Code     0  startup_stm32f10x_hd.o(.text)
    TIM8_UP_IRQHandler                       0x0800015f   Thumb Code     0  startup_stm32f10x_hd.o(.text)
    USBWakeUp_IRQHandler                     0x0800015f   Thumb Code     0  startup_stm32f10x_hd.o(.text)
    USB_HP_CAN1_TX_IRQHandler                0x0800015f   Thumb Code     0  startup_stm32f10x_hd.o(.text)
    USB_LP_CAN1_RX0_IRQHandler               0x0800015f   Thumb Code     0  startup_stm32f10x_hd.o(.text)
    WWDG_IRQHandler                          0x0800015f   Thumb Code     0  startup_stm32f10x_hd.o(.text)
    __aeabi_ldivmod                          0x08000169   Thumb Code    98  ldiv.o(.text)
    __aeabi_memcpy                           0x080001cb   Thumb Code    36  memcpya.o(.text)
    __aeabi_memcpy4                          0x080001cb   Thumb Code     0  memcpya.o(.text)
    __aeabi_memcpy8                          0x080001cb   Thumb Code     0  memcpya.o(.text)
    __aeabi_memset                           0x080001ef   Thumb Code    14  memseta.o(.text)
    __aeabi_memset4                          0x080001ef   Thumb Code     0  memseta.o(.text)
    __aeabi_memset8                          0x080001ef   Thumb Code     0  memseta.o(.text)
    __aeabi_memclr                           0x080001fd   Thumb Code     4  memseta.o(.text)
    __aeabi_memclr4                          0x080001fd   Thumb Code     0  memseta.o(.text)
    __aeabi_memclr8                          0x080001fd   Thumb Code     0  memseta.o(.text)
    _memset$wrapper                          0x08000201   Thumb Code    18  memseta.o(.text)
    strlen                                   0x08000213   Thumb Code    14  strlen.o(.text)
    memcmp                                   0x08000221   Thumb Code    26  memcmp.o(.text)
    __aeabi_fadd                             0x0800023b   Thumb Code   164  fadd.o(.text)
    __aeabi_fsub                             0x080002df   Thumb Code     6  fadd.o(.text)
    __aeabi_frsub                            0x080002e5   Thumb Code     6  fadd.o(.text)
    __aeabi_fmul                             0x080002eb   Thumb Code   100  fmul.o(.text)
    __aeabi_fdiv                             0x0800034f   Thumb Code   124  fdiv.o(.text)
    __ARM_scalbnf                            0x080003cb   Thumb Code    24  fscalb.o(.text)
    scalbnf                                  0x080003cb   Thumb Code     0  fscalb.o(.text)
    __aeabi_dadd                             0x080003e3   Thumb Code   322  dadd.o(.text)
    __aeabi_dsub                             0x08000525   Thumb Code     6  dadd.o(.text)
    __aeabi_drsub                            0x0800052b   Thumb Code     6  dadd.o(.text)
    __aeabi_dmul                             0x08000531   Thumb Code   228  dmul.o(.text)
    __aeabi_ddiv                             0x08000615   Thumb Code   222  ddiv.o(.text)
    __ARM_scalbn                             0x080006f3   Thumb Code    46  dscalb.o(.text)
    scalbn                                   0x080006f3   Thumb Code     0  dscalb.o(.text)
    __aeabi_i2f                              0x08000721   Thumb Code    18  fflti.o(.text)
    __aeabi_ui2f                             0x08000733   Thumb Code    10  ffltui.o(.text)
    __aeabi_i2d                              0x0800073d   Thumb Code    34  dflti.o(.text)
    __aeabi_ui2d                             0x0800075f   Thumb Code    26  dfltui.o(.text)
    __aeabi_f2iz                             0x08000779   Thumb Code    50  ffixi.o(.text)
    __aeabi_f2uiz                            0x080007ab   Thumb Code    40  ffixui.o(.text)
    __aeabi_d2uiz                            0x080007d3   Thumb Code    50  dfixui.o(.text)
    __aeabi_f2d                              0x08000805   Thumb Code    38  f2d.o(.text)
    __aeabi_cdcmpeq                          0x0800082d   Thumb Code     0  cdcmple.o(.text)
    __aeabi_cdcmple                          0x0800082d   Thumb Code    48  cdcmple.o(.text)
    __aeabi_cdrcmple                         0x0800085d   Thumb Code    48  cdrcmple.o(.text)
    __aeabi_d2f                              0x0800088d   Thumb Code    56  d2f.o(.text)
    __aeabi_cfcmpeq                          0x080008c5   Thumb Code     0  cfcmple.o(.text)
    __aeabi_cfcmple                          0x080008c5   Thumb Code    20  cfcmple.o(.text)
    __aeabi_cfrcmple                         0x080008d9   Thumb Code    20  cfrcmple.o(.text)
    __aeabi_uidiv                            0x080008ed   Thumb Code     0  uidiv.o(.text)
    __aeabi_uidivmod                         0x080008ed   Thumb Code    44  uidiv.o(.text)
    __aeabi_uldivmod                         0x08000919   Thumb Code    98  uldiv.o(.text)
    __aeabi_llsl                             0x0800097b   Thumb Code    30  llshl.o(.text)
    _ll_shift_l                              0x0800097b   Thumb Code     0  llshl.o(.text)
    __aeabi_llsr                             0x08000999   Thumb Code    32  llushr.o(.text)
    _ll_ushift_r                             0x08000999   Thumb Code     0  llushr.o(.text)
    __aeabi_lasr                             0x080009b9   Thumb Code    36  llsshr.o(.text)
    _ll_sshift_r                             0x080009b9   Thumb Code     0  llsshr.o(.text)
    __I$use$fp                               0x080009dd   Thumb Code     0  iusefp.o(.text)
    _float_round                             0x080009dd   Thumb Code    18  fepilogue.o(.text)
    _float_epilogue                          0x080009ef   Thumb Code    92  fepilogue.o(.text)
    _double_round                            0x08000a4b   Thumb Code    30  depilogue.o(.text)
    _double_epilogue                         0x08000a69   Thumb Code   156  depilogue.o(.text)
    _dsqrt                                   0x08000b05   Thumb Code   162  dsqrt.o(.text)
    __aeabi_d2iz                             0x08000ba7   Thumb Code    62  dfixi.o(.text)
    __aeabi_d2ulz                            0x08000be5   Thumb Code    48  dfixul.o(.text)
    __scatterload                            0x08000c15   Thumb Code    28  init.o(.text)
    __scatterload_rt2                        0x08000c15   Thumb Code     0  init.o(.text)
    __decompress                             0x08000c39   Thumb Code     0  __dczerorl2.o(.text)
    __decompress1                            0x08000c39   Thumb Code    86  __dczerorl2.o(.text)
    ADC_Cmd                                  0x08000c8f   Thumb Code    20  stm32f10x_adc.o(i.ADC_Cmd)
    ADC_DeInit                               0x08000ca5   Thumb Code    56  stm32f10x_adc.o(i.ADC_DeInit)
    ADC_Get                                  0x08000ce9   Thumb Code    26  user_adc.o(i.ADC_Get)
    ADC_GetCalibrationStatus                 0x08000d11   Thumb Code    14  stm32f10x_adc.o(i.ADC_GetCalibrationStatus)
    ADC_GetConversionValue                   0x08000d1f   Thumb Code     6  stm32f10x_adc.o(i.ADC_GetConversionValue)
    ADC_GetFlagStatus                        0x08000d25   Thumb Code    14  stm32f10x_adc.o(i.ADC_GetFlagStatus)
    ADC_GetResetCalibrationStatus            0x08000d33   Thumb Code    14  stm32f10x_adc.o(i.ADC_GetResetCalibrationStatus)
    ADC_Init                                 0x08000d41   Thumb Code    62  stm32f10x_adc.o(i.ADC_Init)
    ADC_Print                                0x08000d89   Thumb Code   156  user_adc.o(i.ADC_Print)
    ADC_RegularChannelConfig                 0x08000e41   Thumb Code   116  stm32f10x_adc.o(i.ADC_RegularChannelConfig)
    ADC_ResetCalibration                     0x08000eb5   Thumb Code    10  stm32f10x_adc.o(i.ADC_ResetCalibration)
    ADC_SoftwareStartConvCmd                 0x08000ebf   Thumb Code    20  stm32f10x_adc.o(i.ADC_SoftwareStartConvCmd)
    ADC_StartCalibration                     0x08000ed3   Thumb Code    10  stm32f10x_adc.o(i.ADC_StartCalibration)
    Acc_Control                              0x08000edd   Thumb Code   100  control_system.o(i.Acc_Control)
    Adc_Init                                 0x08000f45   Thumb Code   126  adc.o(i.Adc_Init)
    BusFault_Handler                         0x08000fcd   Thumb Code     2  stm32f10x_it.o(i.BusFault_Handler)
    DebugMon_Handler                         0x08000fcf   Thumb Code     2  stm32f10x_it.o(i.DebugMon_Handler)
    EXTI0_IRQHandler                         0x08000fd1   Thumb Code    48  exti.o(i.EXTI0_IRQHandler)
    EXTI2_IRQHandler                         0x08001009   Thumb Code   104  exti.o(i.EXTI2_IRQHandler)
    EXTI3_IRQHandler                         0x0800107d   Thumb Code    46  exti.o(i.EXTI3_IRQHandler)
    EXTI4_IRQHandler                         0x080010b5   Thumb Code    46  exti.o(i.EXTI4_IRQHandler)
    EXTI_ClearITPendingBit                   0x080010ed   Thumb Code     6  stm32f10x_exti.o(i.EXTI_ClearITPendingBit)
    FSMC_NORSRAMCmd                          0x080010f9   Thumb Code    26  stm32f10x_fsmc.o(i.FSMC_NORSRAMCmd)
    FSMC_NORSRAMInit                         0x08001119   Thumb Code   200  stm32f10x_fsmc.o(i.FSMC_NORSRAMInit)
    GPIO_Init                                0x080011e1   Thumb Code   156  stm32f10x_gpio.o(i.GPIO_Init)
    GPIO_PinRemapConfig                      0x0800127d   Thumb Code    82  stm32f10x_gpio.o(i.GPIO_PinRemapConfig)
    GPIO_ReadInputDataBit                    0x080012d5   Thumb Code    14  stm32f10x_gpio.o(i.GPIO_ReadInputDataBit)
    GPIO_ResetBits                           0x080012e3   Thumb Code     4  stm32f10x_gpio.o(i.GPIO_ResetBits)
    GPIO_SetBits                             0x080012e7   Thumb Code     4  stm32f10x_gpio.o(i.GPIO_SetBits)
    GetARB                                   0x080012eb   Thumb Code    78  array.o(i.GetARB)
    GetIndex                                 0x08001339   Thumb Code    10  array.o(i.GetIndex)
    GetNormxyz                               0x08001343   Thumb Code    58  array.o(i.GetNormxyz)
    GetRx                                    0x0800137d   Thumb Code   170  array.o(i.GetRx)
    GetRy                                    0x08001431   Thumb Code   170  array.o(i.GetRy)
    GetRz                                    0x080014e5   Thumb Code   170  array.o(i.GetRz)
    Get_Adc                                  0x08001599   Thumb Code    46  adc.o(i.Get_Adc)
    Get_Adc_Average                          0x080015cd   Thumb Code    46  adc.o(i.Get_Adc_Average)
    GetwRA                                   0x080015fb   Thumb Code   410  array.o(i.GetwRA)
    HC08_Init                                0x08001795   Thumb Code    50  hc08.o(i.HC08_Init)
    HC08_Press5                              0x0800180d   Thumb Code   124  control_system.o(i.HC08_Press5)
    HC08_Press6                              0x080018a1   Thumb Code   124  control_system.o(i.HC08_Press6)
    HC08_SendData                            0x08001935   Thumb Code    28  hc08.o(i.HC08_SendData)
    HC08_SendString                          0x08001955   Thumb Code    20  hc08.o(i.HC08_SendString)
    HardFault_Handler                        0x08001969   Thumb Code     2  stm32f10x_it.o(i.HardFault_Handler)
    KEY_In_Init                              0x0800196d   Thumb Code    32  key.o(i.KEY_In_Init)
    KEY_Init                                 0x08001991   Thumb Code    52  key.o(i.KEY_Init)
    LCD_Clear                                0x080019cd   Thumb Code    40  lcd.o(i.LCD_Clear)
    LCD_Display_Dir                          0x080019fd   Thumb Code   180  lcd.o(i.LCD_Display_Dir)
    LCD_Fast_DrawPoint                       0x08001ab5   Thumb Code   164  lcd.o(i.LCD_Fast_DrawPoint)
    LCD_Fill                                 0x08001b61   Thumb Code    66  lcd.o(i.LCD_Fill)
    LCD_Init                                 0x08001ba9   Thumb Code  7736  lcd.o(i.LCD_Init)
    LCD_Pow                                  0x080039e5   Thumb Code    16  lcd.o(i.LCD_Pow)
    LCD_RD_DATA                              0x080039f5   Thumb Code    16  lcd.o(i.LCD_RD_DATA)
    LCD_SSD_BackLightSet                     0x08003a09   Thumb Code    50  lcd.o(i.LCD_SSD_BackLightSet)
    LCD_Scan_Dir                             0x08003a45   Thumb Code   314  lcd.o(i.LCD_Scan_Dir)
    LCD_SetCursor                            0x08003b89   Thumb Code   172  lcd.o(i.LCD_SetCursor)
    LCD_ShowChar                             0x08003c3d   Thumb Code   182  lcd.o(i.LCD_ShowChar)
    LCD_ShowNum                              0x08003d09   Thumb Code   118  lcd.o(i.LCD_ShowNum)
    LCD_ShowString                           0x08003d7f   Thumb Code    84  lcd.o(i.LCD_ShowString)
    LCD_ShowxNum                             0x08003dd3   Thumb Code   134  lcd.o(i.LCD_ShowxNum)
    LCD_WriteRAM_Prepare                     0x08003e59   Thumb Code    10  lcd.o(i.LCD_WriteRAM_Prepare)
    LCD_WriteReg                             0x08003e6d   Thumb Code    10  lcd.o(i.LCD_WriteReg)
    LED_Init                                 0x08003e7d   Thumb Code    70  led.o(i.LED_Init)
    MPU6050_Print                            0x08003ecd   Thumb Code   626  user_mpu6050.o(i.MPU6050_Print)
    MPU6050_Report                           0x08004149   Thumb Code   368  user_mpu6050.o(i.MPU6050_Report)
    MPU_Get_Accelerometer                    0x080042e9   Thumb Code    50  mpu6050.o(i.MPU_Get_Accelerometer)
    MPU_Get_Gyroscope                        0x0800431b   Thumb Code    50  mpu6050.o(i.MPU_Get_Gyroscope)
    MPU_Get_Temperature                      0x0800434d   Thumb Code    60  mpu6050.o(i.MPU_Get_Temperature)
    MPU_IIC_Ack                              0x08004399   Thumb Code    56  mpuiic.o(i.MPU_IIC_Ack)
    MPU_IIC_Init                             0x080043d9   Thumb Code    50  mpuiic.o(i.MPU_IIC_Init)
    MPU_IIC_NAck                             0x08004411   Thumb Code    56  mpuiic.o(i.MPU_IIC_NAck)
    MPU_IIC_Read_Byte                        0x08004451   Thumb Code   100  mpuiic.o(i.MPU_IIC_Read_Byte)
    MPU_IIC_Send_Byte                        0x080044bd   Thumb Code    80  mpuiic.o(i.MPU_IIC_Send_Byte)
    MPU_IIC_Start                            0x08004515   Thumb Code    56  mpuiic.o(i.MPU_IIC_Start)
    MPU_IIC_Stop                             0x08004555   Thumb Code    58  mpuiic.o(i.MPU_IIC_Stop)
    MPU_IIC_Wait_Ack                         0x08004599   Thumb Code    78  mpuiic.o(i.MPU_IIC_Wait_Ack)
    MPU_Init                                 0x080045f1   Thumb Code   178  mpu6050.o(i.MPU_Init)
    MPU_Read_Byte                            0x080046b1   Thumb Code    58  mpu6050.o(i.MPU_Read_Byte)
    MPU_Read_Len                             0x080046eb   Thumb Code   106  mpu6050.o(i.MPU_Read_Len)
    MPU_Set_Accel_Fsr                        0x08004755   Thumb Code    10  mpu6050.o(i.MPU_Set_Accel_Fsr)
    MPU_Set_Gyro_Fsr                         0x0800475f   Thumb Code    10  mpu6050.o(i.MPU_Set_Gyro_Fsr)
    MPU_Set_LPF                              0x08004769   Thumb Code    48  mpu6050.o(i.MPU_Set_LPF)
    MPU_Set_Rate                             0x08004799   Thumb Code    46  mpu6050.o(i.MPU_Set_Rate)
    MPU_USER_Init                            0x080047c9   Thumb Code   130  user_mpu6050.o(i.MPU_USER_Init)
    MPU_Write_Byte                           0x08004865   Thumb Code    60  mpu6050.o(i.MPU_Write_Byte)
    MPU_Write_Len                            0x080048a1   Thumb Code    82  mpu6050.o(i.MPU_Write_Len)
    MPU_wRA                                  0x080048f5   Thumb Code   162  user_mpu6050.o(i.MPU_wRA)
    Matrix_33_31                             0x0800499d   Thumb Code    84  array.o(i.Matrix_33_31)
    Matrix_33_33                             0x080049f1   Thumb Code    90  array.o(i.Matrix_33_33)
    MemManage_Handler                        0x08004a4b   Thumb Code     2  stm32f10x_it.o(i.MemManage_Handler)
    NMI_Handler                              0x08004a4d   Thumb Code     2  stm32f10x_it.o(i.NMI_Handler)
    NVIC_Init                                0x08004a51   Thumb Code    94  misc.o(i.NVIC_Init)
    NVIC_PriorityGroupConfig                 0x08004ab5   Thumb Code    10  misc.o(i.NVIC_PriorityGroupConfig)
    PWM_Duty_Set                             0x08004ac9   Thumb Code    60  array.o(i.PWM_Duty_Set)
    PendSV_Handler                           0x08004b0d   Thumb Code     2  stm32f10x_it.o(i.PendSV_Handler)
    RCC_ADCCLKConfig                         0x08004b11   Thumb Code    14  stm32f10x_rcc.o(i.RCC_ADCCLKConfig)
    RCC_AHBPeriphClockCmd                    0x08004b25   Thumb Code    18  stm32f10x_rcc.o(i.RCC_AHBPeriphClockCmd)
    RCC_APB1PeriphClockCmd                   0x08004b3d   Thumb Code    18  stm32f10x_rcc.o(i.RCC_APB1PeriphClockCmd)
    RCC_APB1PeriphResetCmd                   0x08004b55   Thumb Code    18  stm32f10x_rcc.o(i.RCC_APB1PeriphResetCmd)
    RCC_APB2PeriphClockCmd                   0x08004b6d   Thumb Code    18  stm32f10x_rcc.o(i.RCC_APB2PeriphClockCmd)
    RCC_APB2PeriphResetCmd                   0x08004b85   Thumb Code    18  stm32f10x_rcc.o(i.RCC_APB2PeriphResetCmd)
    RCC_GetClocksFreq                        0x08004b9d   Thumb Code   132  stm32f10x_rcc.o(i.RCC_GetClocksFreq)
    Remote_KEY_Init                          0x08004c31   Thumb Code    72  key.o(i.Remote_KEY_Init)
    Remote_KEY_Scan                          0x08004c85   Thumb Code   242  key.o(i.Remote_KEY_Scan)
    SCCB_No_Ack                              0x08004d89   Thumb Code    52  sccb.o(i.SCCB_No_Ack)
    SCCB_RD_Byte                             0x08004dc1   Thumb Code    98  sccb.o(i.SCCB_RD_Byte)
    SCCB_RD_Reg                              0x08004e2d   Thumb Code    82  sccb.o(i.SCCB_RD_Reg)
    SCCB_Start                               0x08004e81   Thumb Code    38  sccb.o(i.SCCB_Start)
    SCCB_Stop                                0x08004ead   Thumb Code    42  sccb.o(i.SCCB_Stop)
    SCCB_WR_Byte                             0x08004edd   Thumb Code   126  sccb.o(i.SCCB_WR_Byte)
    SCCB_WR_Reg                              0x08004f65   Thumb Code    78  sccb.o(i.SCCB_WR_Reg)
    SVC_Handler                              0x08004fb3   Thumb Code     2  stm32f10x_it.o(i.SVC_Handler)
    Sigmoid                                  0x0800505d   Thumb Code    90  control_system.o(i.Sigmoid)
    SysTick_CLKSourceConfig                  0x080050bd   Thumb Code    24  misc.o(i.SysTick_CLKSourceConfig)
    SysTick_Handler                          0x080050d5   Thumb Code     2  stm32f10x_it.o(i.SysTick_Handler)
    SystemInit                               0x080050d9   Thumb Code    64  system_stm32f10x.o(i.SystemInit)
    TIM3_IRQHandler                          0x08005211   Thumb Code    44  timer.o(i.TIM3_IRQHandler)
    TIM3_PWM_Init                            0x08005245   Thumb Code   132  timer.o(i.TIM3_PWM_Init)
    TIM4_IRQHandler                          0x080052d1   Thumb Code    50  usmart.o(i.TIM4_IRQHandler)
    TIM5_CH2_Cap_Init                        0x0800530d   Thumb Code   120  tpad.o(i.TIM5_CH2_Cap_Init)
    TIM5_IRQHandler                          0x0800538d   Thumb Code   128  timer.o(i.TIM5_IRQHandler)
    TIM6_IRQHandler                          0x08005415   Thumb Code    40  timer.o(i.TIM6_IRQHandler)
    TIM_ARRPreloadConfig                     0x08005455   Thumb Code    20  stm32f10x_tim.o(i.TIM_ARRPreloadConfig)
    TIM_ClearFlag                            0x08005469   Thumb Code     6  stm32f10x_tim.o(i.TIM_ClearFlag)
    TIM_ClearITPendingBit                    0x0800546f   Thumb Code     6  stm32f10x_tim.o(i.TIM_ClearITPendingBit)
    TIM_Cmd                                  0x08005475   Thumb Code    20  stm32f10x_tim.o(i.TIM_Cmd)
    TIM_GetCapture1                          0x08005489   Thumb Code     4  stm32f10x_tim.o(i.TIM_GetCapture1)
    TIM_GetCapture2                          0x0800548d   Thumb Code     4  stm32f10x_tim.o(i.TIM_GetCapture2)
    TIM_GetCounter                           0x08005491   Thumb Code     4  stm32f10x_tim.o(i.TIM_GetCounter)
    TIM_GetFlagStatus                        0x08005495   Thumb Code    14  stm32f10x_tim.o(i.TIM_GetFlagStatus)
    TIM_GetITStatus                          0x080054a3   Thumb Code    24  stm32f10x_tim.o(i.TIM_GetITStatus)
    TIM_ICInit                               0x080054bd   Thumb Code   278  stm32f10x_tim.o(i.TIM_ICInit)
    TIM_ITConfig                             0x080055e9   Thumb Code    16  stm32f10x_tim.o(i.TIM_ITConfig)
    TIM_OC1PolarityConfig                    0x080055f9   Thumb Code    12  stm32f10x_tim.o(i.TIM_OC1PolarityConfig)
    TIM_OC3Init                              0x08005605   Thumb Code   116  stm32f10x_tim.o(i.TIM_OC3Init)
    TIM_OC3PreloadConfig                     0x08005681   Thumb Code    12  stm32f10x_tim.o(i.TIM_OC3PreloadConfig)
    TIM_SetAutoreload                        0x0800568d   Thumb Code     4  stm32f10x_tim.o(i.TIM_SetAutoreload)
    TIM_SetCompare3                          0x08005691   Thumb Code     4  stm32f10x_tim.o(i.TIM_SetCompare3)
    TIM_SetCounter                           0x08005695   Thumb Code     4  stm32f10x_tim.o(i.TIM_SetCounter)
    TIM_SetIC1Prescaler                      0x08005699   Thumb Code    16  stm32f10x_tim.o(i.TIM_SetIC1Prescaler)
    TIM_SetIC2Prescaler                      0x080056a9   Thumb Code    24  stm32f10x_tim.o(i.TIM_SetIC2Prescaler)
    TIM_SetIC3Prescaler                      0x080056c1   Thumb Code    16  stm32f10x_tim.o(i.TIM_SetIC3Prescaler)
    TIM_SetIC4Prescaler                      0x080056d1   Thumb Code    24  stm32f10x_tim.o(i.TIM_SetIC4Prescaler)
    TIM_TimeBaseInit                         0x080056e9   Thumb Code   114  stm32f10x_tim.o(i.TIM_TimeBaseInit)
    TPAD_Get_Val                             0x08005785   Thumb Code    54  tpad.o(i.TPAD_Get_Val)
    TPAD_Init                                0x080057c1   Thumb Code   140  tpad.o(i.TPAD_Init)
    TPAD_Reset                               0x08005869   Thumb Code    86  tpad.o(i.TPAD_Reset)
    Timer4_Init                              0x080058c9   Thumb Code    90  usmart.o(i.Timer4_Init)
    UART4_IRQHandler                         0x08005929   Thumb Code   138  usart.o(i.UART4_IRQHandler)
    UART5_IRQHandler                         0x080059c9   Thumb Code   130  usart.o(i.UART5_IRQHandler)
    USART1_IRQHandler                        0x08005a61   Thumb Code   126  usart.o(i.USART1_IRQHandler)
    USART1_Init                              0x08005af1   Thumb Code   202  usart.o(i.USART1_Init)
    USART1_SendData                          0x08005c3d   Thumb Code    46  usart.o(i.USART1_SendData)
    USART1_printf                            0x08005c79   Thumb Code    26  usart.o(i.USART1_printf)
    USART2_IRQHandler                        0x08005c95   Thumb Code   172  usart.o(i.USART2_IRQHandler)
    USART2_Init                              0x08005d5d   Thumb Code   188  usart.o(i.USART2_Init)
    USART3_IRQHandler                        0x08005e5d   Thumb Code   138  usart.o(i.USART3_IRQHandler)
    USART_Cmd                                0x08005efd   Thumb Code    20  stm32f10x_usart.o(i.USART_Cmd)
    USART_DeInit                             0x08005f11   Thumb Code    96  stm32f10x_usart.o(i.USART_DeInit)
    USART_GetFlagStatus                      0x08005f85   Thumb Code    14  stm32f10x_usart.o(i.USART_GetFlagStatus)
    USART_ITConfig                           0x08005f93   Thumb Code    48  stm32f10x_usart.o(i.USART_ITConfig)
    USART_Init                               0x08005fc5   Thumb Code   166  stm32f10x_usart.o(i.USART_Init)
    USART_SendData                           0x08006071   Thumb Code     8  stm32f10x_usart.o(i.USART_SendData)
    UsageFault_Handler                       0x08006079   Thumb Code     2  stm32f10x_it.o(i.UsageFault_Handler)
    __0printf                                0x0800607d   Thumb Code    22  printfa.o(i.__0printf)
    __1printf                                0x0800607d   Thumb Code     0  printfa.o(i.__0printf)
    __2printf                                0x0800607d   Thumb Code     0  printfa.o(i.__0printf)
    __c89printf                              0x0800607d   Thumb Code     0  printfa.o(i.__0printf)
    printf                                   0x0800607d   Thumb Code     0  printfa.o(i.__0printf)
    __0sprintf                               0x0800609d   Thumb Code    34  printfa.o(i.__0sprintf)
    __1sprintf                               0x0800609d   Thumb Code     0  printfa.o(i.__0sprintf)
    __2sprintf                               0x0800609d   Thumb Code     0  printfa.o(i.__0sprintf)
    __c89sprintf                             0x0800609d   Thumb Code     0  printfa.o(i.__0sprintf)
    sprintf                                  0x0800609d   Thumb Code     0  printfa.o(i.__0sprintf)
    __ARM_fpclassify                         0x080060c5   Thumb Code    40  fpclassify.o(i.__ARM_fpclassify)
    __ieee754_rem_pio2                       0x080060ed   Thumb Code   828  rred.o(i.__ieee754_rem_pio2)
    __kernel_cos                             0x08006475   Thumb Code   230  cos_i.o(i.__kernel_cos)
    __kernel_poly                            0x08006571   Thumb Code   170  poly.o(i.__kernel_poly)
    __kernel_sin                             0x0800661d   Thumb Code   224  sin_i.o(i.__kernel_sin)
    __mathlib_dbl_infnan                     0x08006709   Thumb Code     6  dunder.o(i.__mathlib_dbl_infnan)
    __mathlib_dbl_infnan2                    0x0800670f   Thumb Code     4  dunder.o(i.__mathlib_dbl_infnan2)
    __mathlib_dbl_invalid                    0x08006713   Thumb Code    12  dunder.o(i.__mathlib_dbl_invalid)
    __mathlib_dbl_overflow                   0x0800671f   Thumb Code    14  dunder.o(i.__mathlib_dbl_overflow)
    __mathlib_dbl_underflow                  0x0800672d   Thumb Code    10  dunder.o(i.__mathlib_dbl_underflow)
    __scatterload_copy                       0x0800673d   Thumb Code    14  handlers.o(i.__scatterload_copy)
    __scatterload_null                       0x0800674b   Thumb Code     2  handlers.o(i.__scatterload_null)
    __scatterload_zeroinit                   0x0800674d   Thumb Code    14  handlers.o(i.__scatterload_zeroinit)
    __set_errno                              0x0800675d   Thumb Code     6  errno.o(i.__set_errno)
    asin                                     0x08007081   Thumb Code   572  asin.o(i.asin)
    atan                                     0x080072f1   Thumb Code   474  atan.o(i.atan)
    atan2                                    0x08007511   Thumb Code   346  atan2.o(i.atan2)
    cos                                      0x08007691   Thumb Code   148  cos.o(i.cos)
    delay_init                               0x0800772d   Thumb Code    46  delay.o(i.delay_init)
    delay_ms                                 0x08007769   Thumb Code    46  delay.o(i.delay_ms)
    delay_us                                 0x0800779d   Thumb Code    46  delay.o(i.delay_us)
    dmp_enable_6x_lp_quat                    0x080077d1   Thumb Code    58  inv_mpu_dmp_motion_driver.o(i.dmp_enable_6x_lp_quat)
    dmp_enable_feature                       0x0800780d   Thumb Code   468  inv_mpu_dmp_motion_driver.o(i.dmp_enable_feature)
    dmp_enable_gyro_cal                      0x080079e9   Thumb Code    32  inv_mpu_dmp_motion_driver.o(i.dmp_enable_gyro_cal)
    dmp_enable_lp_quat                       0x08007a21   Thumb Code    58  inv_mpu_dmp_motion_driver.o(i.dmp_enable_lp_quat)
    dmp_load_motion_driver_firmware          0x08007a5d   Thumb Code    16  inv_mpu_dmp_motion_driver.o(i.dmp_load_motion_driver_firmware)
    dmp_read_fifo                            0x08007a71   Thumb Code   324  inv_mpu_dmp_motion_driver.o(i.dmp_read_fifo)
    dmp_set_accel_bias                       0x08007bb9   Thumb Code   210  inv_mpu_dmp_motion_driver.o(i.dmp_set_accel_bias)
    dmp_set_fifo_rate                        0x08007c91   Thumb Code    82  inv_mpu_dmp_motion_driver.o(i.dmp_set_fifo_rate)
    dmp_set_gyro_bias                        0x08007cf5   Thumb Code   196  inv_mpu_dmp_motion_driver.o(i.dmp_set_gyro_bias)
    dmp_set_orientation                      0x08007dc1   Thumb Code   246  inv_mpu_dmp_motion_driver.o(i.dmp_set_orientation)
    dmp_set_shake_reject_thresh              0x08007ecd   Thumb Code    48  inv_mpu_dmp_motion_driver.o(i.dmp_set_shake_reject_thresh)
    dmp_set_shake_reject_time                0x08007efd   Thumb Code    32  inv_mpu_dmp_motion_driver.o(i.dmp_set_shake_reject_time)
    dmp_set_shake_reject_timeout             0x08007f1d   Thumb Code    32  inv_mpu_dmp_motion_driver.o(i.dmp_set_shake_reject_timeout)
    dmp_set_tap_axes                         0x08007f3d   Thumb Code    64  inv_mpu_dmp_motion_driver.o(i.dmp_set_tap_axes)
    dmp_set_tap_count                        0x08007f7d   Thumb Code    34  inv_mpu_dmp_motion_driver.o(i.dmp_set_tap_count)
    dmp_set_tap_thresh                       0x08007fa1   Thumb Code   274  inv_mpu_dmp_motion_driver.o(i.dmp_set_tap_thresh)
    dmp_set_tap_time                         0x080080c9   Thumb Code    32  inv_mpu_dmp_motion_driver.o(i.dmp_set_tap_time)
    dmp_set_tap_time_multi                   0x080080e9   Thumb Code    32  inv_mpu_dmp_motion_driver.o(i.dmp_set_tap_time_multi)
    exp                                      0x08008109   Thumb Code   554  exp.o(i.exp)
    fputc                                    0x0800838d   Thumb Code    18  usart.o(i.fputc)
    inv_orientation_matrix_to_scalar         0x08008839   Thumb Code    34  inv_mpu.o(i.inv_orientation_matrix_to_scalar)
    inv_row_2_scale                          0x0800885b   Thumb Code    72  inv_mpu.o(i.inv_row_2_scale)
    main                                     0x080088a5   Thumb Code  2222  main.o(i.main)
    mget_ms                                  0x08009205   Thumb Code     2  inv_mpu.o(i.mget_ms)
    mpu6050_send_data                        0x08009207   Thumb Code    78  user_mpu6050.o(i.mpu6050_send_data)
    mpu_configure_fifo                       0x08009255   Thumb Code    84  inv_mpu.o(i.mpu_configure_fifo)
    mpu_dmp_get_data                         0x080092ad   Thumb Code   408  inv_mpu.o(i.mpu_dmp_get_data)
    mpu_dmp_init                             0x0800944d   Thumb Code   158  inv_mpu.o(i.mpu_dmp_init)
    mpu_get_accel_fsr                        0x080094f1   Thumb Code    54  inv_mpu.o(i.mpu_get_accel_fsr)
    mpu_get_accel_sens                       0x0800952d   Thumb Code    62  inv_mpu.o(i.mpu_get_accel_sens)
    mpu_get_gyro_fsr                         0x08009571   Thumb Code    48  inv_mpu.o(i.mpu_get_gyro_fsr)
    mpu_get_gyro_sens                        0x080095a5   Thumb Code    44  inv_mpu.o(i.mpu_get_gyro_sens)
    mpu_get_lpf                              0x080095e5   Thumb Code    52  inv_mpu.o(i.mpu_get_lpf)
    mpu_get_sample_rate                      0x0800961d   Thumb Code    22  inv_mpu.o(i.mpu_get_sample_rate)
    mpu_init                                 0x08009639   Thumb Code   310  inv_mpu.o(i.mpu_init)
    mpu_load_firmware                        0x080097c1   Thumb Code   158  inv_mpu.o(i.mpu_load_firmware)
    mpu_lp_accel_mode                        0x08009865   Thumb Code   178  inv_mpu.o(i.mpu_lp_accel_mode)
    mpu_read_fifo_stream                     0x0800991d   Thumb Code   140  inv_mpu.o(i.mpu_read_fifo_stream)
    mpu_read_mem                             0x080099ad   Thumb Code    80  inv_mpu.o(i.mpu_read_mem)
    mpu_reset_fifo                           0x08009a01   Thumb Code   344  inv_mpu.o(i.mpu_reset_fifo)
    mpu_run_self_test                        0x08009b5d   Thumb Code   234  inv_mpu.o(i.mpu_run_self_test)
    mpu_set_accel_fsr                        0x08009c4d   Thumb Code    98  inv_mpu.o(i.mpu_set_accel_fsr)
    mpu_set_bypass                           0x08009cb5   Thumb Code   214  inv_mpu.o(i.mpu_set_bypass)
    mpu_set_dmp_state                        0x08009d91   Thumb Code   114  inv_mpu.o(i.mpu_set_dmp_state)
    mpu_set_gyro_fsr                         0x08009e09   Thumb Code   104  inv_mpu.o(i.mpu_set_gyro_fsr)
    mpu_set_int_latched                      0x08009e75   Thumb Code    94  inv_mpu.o(i.mpu_set_int_latched)
    mpu_set_lpf                              0x08009ed9   Thumb Code   102  inv_mpu.o(i.mpu_set_lpf)
    mpu_set_sample_rate                      0x08009f45   Thumb Code   116  inv_mpu.o(i.mpu_set_sample_rate)
    mpu_set_sensors                          0x08009fbd   Thumb Code   178  inv_mpu.o(i.mpu_set_sensors)
    mpu_write_mem                            0x0800a075   Thumb Code    80  inv_mpu.o(i.mpu_write_mem)
    read_addr                                0x0800a0c9   Thumb Code     4  usmart.o(i.read_addr)
    run_self_test                            0x0800a0cd   Thumb Code   128  inv_mpu.o(i.run_self_test)
    sin                                      0x0800a1a1   Thumb Code   150  sin.o(i.sin)
    sqrt                                     0x0800a241   Thumb Code    76  sqrt.o(i.sqrt)
    steer_Control                            0x0800a28d   Thumb Code   102  control_system.o(i.steer_Control)
    steer_Init                               0x0800a2fd   Thumb Code   110  steer.o(i.steer_Init)
    steer_move                               0x0800a371   Thumb Code   288  steer.o(i.steer_move)
    steer_speed_choice                       0x0800a49d   Thumb Code    32  steer.o(i.steer_speed_choice)
    usart1_niming_report                     0x0800a4c1   Thumb Code    96  user_mpu6050.o(i.usart1_niming_report)
    usart1_report_imu                        0x0800a521   Thumb Code   146  user_mpu6050.o(i.usart1_report_imu)
    usart1_send_char                         0x0800a5b5   Thumb Code    30  user_mpu6050.o(i.usart1_send_char)
    usmart_cmd_rec                           0x0800a5d9   Thumb Code   144  usmart.o(i.usmart_cmd_rec)
    usmart_exe                               0x0800a66d   Thumb Code   510  usmart.o(i.usmart_exe)
    usmart_get_aparm                         0x0800a8cd   Thumb Code   156  usmart_str.o(i.usmart_get_aparm)
    usmart_get_cmdname                       0x0800a969   Thumb Code    46  usmart_str.o(i.usmart_get_cmdname)
    usmart_get_fname                         0x0800a999   Thumb Code   352  usmart_str.o(i.usmart_get_fname)
    usmart_get_fparam                        0x0800ab01   Thumb Code   202  usmart_str.o(i.usmart_get_fparam)
    usmart_get_parmpos                       0x0800abd1   Thumb Code    30  usmart_str.o(i.usmart_get_parmpos)
    usmart_get_runtime                       0x0800abf5   Thumb Code    48  usmart.o(i.usmart_get_runtime)
    usmart_init                              0x0800ac2d   Thumb Code    36  usmart.o(i.usmart_init)
    usmart_pow                               0x0800ac55   Thumb Code    16  usmart_str.o(i.usmart_pow)
    usmart_reset_runtime                     0x0800ac65   Thumb Code    40  usmart.o(i.usmart_reset_runtime)
    usmart_scan                              0x0800ac95   Thumb Code    94  usmart.o(i.usmart_scan)
    usmart_search_nextc                      0x0800ad39   Thumb Code    16  usmart_str.o(i.usmart_search_nextc)
    usmart_str2num                           0x0800ad49   Thumb Code   160  usmart_str.o(i.usmart_str2num)
    usmart_strcmp                            0x0800ade9   Thumb Code    24  usmart_str.o(i.usmart_strcmp)
    usmart_strcopy                           0x0800ae01   Thumb Code    18  usmart_str.o(i.usmart_strcopy)
    usmart_strlen                            0x0800ae13   Thumb Code    18  usmart_str.o(i.usmart_strlen)
    usmart_sys_cmd_exe                       0x0800ae25   Thumb Code  1442  usmart.o(i.usmart_sys_cmd_exe)
    write_addr                               0x0800b495   Thumb Code     4  usmart.o(i.write_addr)
    asc2_1206                                0x0800b498   Data        1140  lcd.o(.constdata)
    asc2_1608                                0x0800b90c   Data        1520  lcd.o(.constdata)
    asc2_2412                                0x0800befc   Data        3420  lcd.o(.constdata)
    reg                                      0x0800cc58   Data          27  inv_mpu.o(.constdata)
    hw                                       0x0800cc74   Data          12  inv_mpu.o(.constdata)
    test                                     0x0800cc80   Data          40  inv_mpu.o(.constdata)
    __mathlib_zero                           0x0800da10   Data           8  qnan.o(.constdata)
    Region$$Table$$Base                      0x0800dc24   Number         0  anon$$obj.o(Region$$Table)
    Region$$Table$$Limit                     0x0800dc44   Number         0  anon$$obj.o(Region$$Table)
    SystemCoreClock                          0x20000008   Data           4  system_stm32f10x.o(.data)
    AHBPrescTable                            0x2000000c   Data          16  system_stm32f10x.o(.data)
    POINT_COLOR                              0x2000002a   Data           2  lcd.o(.data)
    BACK_COLOR                               0x2000002c   Data           2  lcd.o(.data)
    tpad_default_val                         0x20000030   Data           2  tpad.o(.data)
    xx                                       0x20000032   Data           2  exti.o(.data)
    TIM5CH1_CAPTURE_STA                      0x20000034   Data           1  timer.o(.data)
    ov_frame                                 0x20000035   Data           1  timer.o(.data)
    TIM5CH1_CAPTURE_VAL                      0x20000036   Data           2  timer.o(.data)
    press                                    0x20000038   Data           1  steer.o(.data)
    x                                        0x2000003a   Data           2  steer.o(.data)
    PWM_Ini_0                                0x2000003c   Data           4  steer.o(.data)
    PWM_Press_7                              0x20000040   Data           4  steer.o(.data)
    PWM_Press_8                              0x20000044   Data           4  steer.o(.data)
    steer_speed_Flag                         0x20000048   Data           4  steer.o(.data)
    PWM_Flag_1                               0x2000004c   Data           4  steer.o(.data)
    xHC08                                    0x20000050   Data           2  hc08.o(.data)
    USART_RX_STA                             0x2000008e   Data           2  usart.o(.data)
    __stdout                                 0x200000a0   Data           4  usart.o(.data)
    sys_cmd_tab                              0x200000b8   Data          28  usmart.o(.data)
    usmart_nametab                           0x200000d4   Data          48  usmart_config.o(.data)
    usmart_dev                               0x20000104   Data         244  usmart_config.o(.data)
    lcddev                                   0x200001fc   Data          14  lcd.o(.bss)
    xUSART                                   0x2000071c   Data        1296  usart.o(.bss)
    USART_RX_BUF                             0x2000112c   Data         200  usart.o(.bss)
    __initial_sp                             0x200015f8   Data           0  startup_stm32f10x_hd.o(STACK)



==============================================================================

Memory Map of the image

  Image Entry point : 0x08000131

  Load Region LR_IROM1 (Base: 0x08000000, Size: 0x0000de40, Max: 0x00080000, ABSOLUTE, COMPRESSED[0x0000dcd0])

    Execution Region ER_IROM1 (Base: 0x08000000, Size: 0x0000dc44, Max: 0x00080000, ABSOLUTE)

    Base Addr    Size         Type   Attr      Idx    E Section Name        Object

    0x08000000   0x00000130   Data   RO         1972    RESET               startup_stm32f10x_hd.o
    0x08000130   0x00000000   Code   RO         5180  * .ARM.Collect$$$$00000000  mc_w.l(entry.o)
    0x08000130   0x00000004   Code   RO         5541    .ARM.Collect$$$$00000001  mc_w.l(entry2.o)
    0x08000134   0x00000004   Code   RO         5544    .ARM.Collect$$$$00000004  mc_w.l(entry5.o)
    0x08000138   0x00000000   Code   RO         5546    .ARM.Collect$$$$00000008  mc_w.l(entry7b.o)
    0x08000138   0x00000000   Code   RO         5548    .ARM.Collect$$$$0000000A  mc_w.l(entry8b.o)
    0x08000138   0x00000008   Code   RO         5549    .ARM.Collect$$$$0000000B  mc_w.l(entry9a.o)
    0x08000140   0x00000000   Code   RO         5551    .ARM.Collect$$$$0000000D  mc_w.l(entry10a.o)
    0x08000140   0x00000000   Code   RO         5553    .ARM.Collect$$$$0000000F  mc_w.l(entry11a.o)
    0x08000140   0x00000004   Code   RO         5542    .ARM.Collect$$$$00002712  mc_w.l(entry2.o)
    0x08000144   0x00000024   Code   RO         1973    .text               startup_stm32f10x_hd.o
    0x08000168   0x00000062   Code   RO         5183    .text               mc_w.l(ldiv.o)
    0x080001ca   0x00000024   Code   RO         5185    .text               mc_w.l(memcpya.o)
    0x080001ee   0x00000024   Code   RO         5187    .text               mc_w.l(memseta.o)
    0x08000212   0x0000000e   Code   RO         5189    .text               mc_w.l(strlen.o)
    0x08000220   0x0000001a   Code   RO         5191    .text               mc_w.l(memcmp.o)
    0x0800023a   0x000000b0   Code   RO         5456    .text               mf_w.l(fadd.o)
    0x080002ea   0x00000064   Code   RO         5458    .text               mf_w.l(fmul.o)
    0x0800034e   0x0000007c   Code   RO         5460    .text               mf_w.l(fdiv.o)
    0x080003ca   0x00000018   Code   RO         5462    .text               mf_w.l(fscalb.o)
    0x080003e2   0x0000014e   Code   RO         5464    .text               mf_w.l(dadd.o)
    0x08000530   0x000000e4   Code   RO         5466    .text               mf_w.l(dmul.o)
    0x08000614   0x000000de   Code   RO         5468    .text               mf_w.l(ddiv.o)
    0x080006f2   0x0000002e   Code   RO         5470    .text               mf_w.l(dscalb.o)
    0x08000720   0x00000012   Code   RO         5472    .text               mf_w.l(fflti.o)
    0x08000732   0x0000000a   Code   RO         5474    .text               mf_w.l(ffltui.o)
    0x0800073c   0x00000022   Code   RO         5476    .text               mf_w.l(dflti.o)
    0x0800075e   0x0000001a   Code   RO         5478    .text               mf_w.l(dfltui.o)
    0x08000778   0x00000032   Code   RO         5480    .text               mf_w.l(ffixi.o)
    0x080007aa   0x00000028   Code   RO         5482    .text               mf_w.l(ffixui.o)
    0x080007d2   0x00000032   Code   RO         5484    .text               mf_w.l(dfixui.o)
    0x08000804   0x00000026   Code   RO         5486    .text               mf_w.l(f2d.o)
    0x0800082a   0x00000002   PAD
    0x0800082c   0x00000030   Code   RO         5488    .text               mf_w.l(cdcmple.o)
    0x0800085c   0x00000030   Code   RO         5490    .text               mf_w.l(cdrcmple.o)
    0x0800088c   0x00000038   Code   RO         5492    .text               mf_w.l(d2f.o)
    0x080008c4   0x00000014   Code   RO         5494    .text               mf_w.l(cfcmple.o)
    0x080008d8   0x00000014   Code   RO         5496    .text               mf_w.l(cfrcmple.o)
    0x080008ec   0x0000002c   Code   RO         5555    .text               mc_w.l(uidiv.o)
    0x08000918   0x00000062   Code   RO         5557    .text               mc_w.l(uldiv.o)
    0x0800097a   0x0000001e   Code   RO         5559    .text               mc_w.l(llshl.o)
    0x08000998   0x00000020   Code   RO         5561    .text               mc_w.l(llushr.o)
    0x080009b8   0x00000024   Code   RO         5563    .text               mc_w.l(llsshr.o)
    0x080009dc   0x00000000   Code   RO         5572    .text               mc_w.l(iusefp.o)
    0x080009dc   0x0000006e   Code   RO         5573    .text               mf_w.l(fepilogue.o)
    0x08000a4a   0x000000ba   Code   RO         5575    .text               mf_w.l(depilogue.o)
    0x08000b04   0x000000a2   Code   RO         5577    .text               mf_w.l(dsqrt.o)
    0x08000ba6   0x0000003e   Code   RO         5579    .text               mf_w.l(dfixi.o)
    0x08000be4   0x00000030   Code   RO         5581    .text               mf_w.l(dfixul.o)
    0x08000c14   0x00000024   Code   RO         5583    .text               mc_w.l(init.o)
    0x08000c38   0x00000056   Code   RO         5593    .text               mc_w.l(__dczerorl2.o)
    0x08000c8e   0x00000014   Code   RO         3220    i.ADC_Cmd           stm32f10x_adc.o
    0x08000ca2   0x00000002   PAD
    0x08000ca4   0x00000044   Code   RO         3222    i.ADC_DeInit        stm32f10x_adc.o
    0x08000ce8   0x00000028   Code   RO          358    i.ADC_Get           user_adc.o
    0x08000d10   0x0000000e   Code   RO         3228    i.ADC_GetCalibrationStatus  stm32f10x_adc.o
    0x08000d1e   0x00000006   Code   RO         3229    i.ADC_GetConversionValue  stm32f10x_adc.o
    0x08000d24   0x0000000e   Code   RO         3231    i.ADC_GetFlagStatus  stm32f10x_adc.o
    0x08000d32   0x0000000e   Code   RO         3234    i.ADC_GetResetCalibrationStatus  stm32f10x_adc.o
    0x08000d40   0x00000048   Code   RO         3238    i.ADC_Init          stm32f10x_adc.o
    0x08000d88   0x000000b8   Code   RO          359    i.ADC_Print         user_adc.o
    0x08000e40   0x00000074   Code   RO         3242    i.ADC_RegularChannelConfig  stm32f10x_adc.o
    0x08000eb4   0x0000000a   Code   RO         3243    i.ADC_ResetCalibration  stm32f10x_adc.o
    0x08000ebe   0x00000014   Code   RO         3245    i.ADC_SoftwareStartConvCmd  stm32f10x_adc.o
    0x08000ed2   0x0000000a   Code   RO         3247    i.ADC_StartCalibration  stm32f10x_adc.o
    0x08000edc   0x00000068   Code   RO          446    i.Acc_Control       control_system.o
    0x08000f44   0x00000088   Code   RO         1193    i.Adc_Init          adc.o
    0x08000fcc   0x00000002   Code   RO          155    i.BusFault_Handler  stm32f10x_it.o
    0x08000fce   0x00000002   Code   RO          156    i.DebugMon_Handler  stm32f10x_it.o
    0x08000fd0   0x00000038   Code   RO          792    i.EXTI0_IRQHandler  exti.o
    0x08001008   0x00000074   Code   RO          793    i.EXTI2_IRQHandler  exti.o
    0x0800107c   0x00000038   Code   RO          795    i.EXTI3_IRQHandler  exti.o
    0x080010b4   0x00000038   Code   RO          796    i.EXTI4_IRQHandler  exti.o
    0x080010ec   0x0000000c   Code   RO         2628    i.EXTI_ClearITPendingBit  stm32f10x_exti.o
    0x080010f8   0x00000020   Code   RO         2024    i.FSMC_NORSRAMCmd   stm32f10x_fsmc.o
    0x08001118   0x000000c8   Code   RO         2026    i.FSMC_NORSRAMInit  stm32f10x_fsmc.o
    0x080011e0   0x0000009c   Code   RO         2139    i.GPIO_Init         stm32f10x_gpio.o
    0x0800127c   0x00000058   Code   RO         2141    i.GPIO_PinRemapConfig  stm32f10x_gpio.o
    0x080012d4   0x0000000e   Code   RO         2143    i.GPIO_ReadInputDataBit  stm32f10x_gpio.o
    0x080012e2   0x00000004   Code   RO         2146    i.GPIO_ResetBits    stm32f10x_gpio.o
    0x080012e6   0x00000004   Code   RO         2147    i.GPIO_SetBits      stm32f10x_gpio.o
    0x080012ea   0x0000004e   Code   RO          267    i.GetARB            array.o
    0x08001338   0x0000000a   Code   RO          268    i.GetIndex          array.o
    0x08001342   0x0000003a   Code   RO          270    i.GetNormxyz        array.o
    0x0800137c   0x000000b4   Code   RO          271    i.GetRx             array.o
    0x08001430   0x000000b4   Code   RO          272    i.GetRy             array.o
    0x080014e4   0x000000b4   Code   RO          273    i.GetRz             array.o
    0x08001598   0x00000034   Code   RO         1194    i.Get_Adc           adc.o
    0x080015cc   0x0000002e   Code   RO         1195    i.Get_Adc_Average   adc.o
    0x080015fa   0x0000019a   Code   RO          274    i.GetwRA            array.o
    0x08001794   0x00000078   Code   RO         1027    i.HC08_Init         hc08.o
    0x0800180c   0x00000094   Code   RO          447    i.HC08_Press5       control_system.o
    0x080018a0   0x00000094   Code   RO          448    i.HC08_Press6       control_system.o
    0x08001934   0x00000020   Code   RO         1028    i.HC08_SendData     hc08.o
    0x08001954   0x00000014   Code   RO         1029    i.HC08_SendString   hc08.o
    0x08001968   0x00000002   Code   RO          157    i.HardFault_Handler  stm32f10x_it.o
    0x0800196a   0x00000002   PAD
    0x0800196c   0x00000024   Code   RO          510    i.KEY_In_Init       key.o
    0x08001990   0x0000003c   Code   RO          511    i.KEY_Init          key.o
    0x080019cc   0x00000030   Code   RO          548    i.LCD_Clear         lcd.o
    0x080019fc   0x000000b8   Code   RO          552    i.LCD_Display_Dir   lcd.o
    0x08001ab4   0x000000ac   Code   RO          557    i.LCD_Fast_DrawPoint  lcd.o
    0x08001b60   0x00000048   Code   RO          558    i.LCD_Fill          lcd.o
    0x08001ba8   0x00001e3c   Code   RO          559    i.LCD_Init          lcd.o
    0x080039e4   0x00000010   Code   RO          560    i.LCD_Pow           lcd.o
    0x080039f4   0x00000014   Code   RO          561    i.LCD_RD_DATA       lcd.o
    0x08003a08   0x0000003c   Code   RO          564    i.LCD_SSD_BackLightSet  lcd.o
    0x08003a44   0x00000144   Code   RO          565    i.LCD_Scan_Dir      lcd.o
    0x08003b88   0x000000b4   Code   RO          566    i.LCD_SetCursor     lcd.o
    0x08003c3c   0x000000cc   Code   RO          568    i.LCD_ShowChar      lcd.o
    0x08003d08   0x00000076   Code   RO          569    i.LCD_ShowNum       lcd.o
    0x08003d7e   0x00000054   Code   RO          570    i.LCD_ShowString    lcd.o
    0x08003dd2   0x00000086   Code   RO          571    i.LCD_ShowxNum      lcd.o
    0x08003e58   0x00000014   Code   RO          575    i.LCD_WriteRAM_Prepare  lcd.o
    0x08003e6c   0x00000010   Code   RO          576    i.LCD_WriteReg      lcd.o
    0x08003e7c   0x00000050   Code   RO          498    i.LED_Init          led.o
    0x08003ecc   0x0000027c   Code   RO          387    i.MPU6050_Print     user_mpu6050.o
    0x08004148   0x000001a0   Code   RO          388    i.MPU6050_Report    user_mpu6050.o
    0x080042e8   0x00000032   Code   RO         1056    i.MPU_Get_Accelerometer  mpu6050.o
    0x0800431a   0x00000032   Code   RO         1057    i.MPU_Get_Gyroscope  mpu6050.o
    0x0800434c   0x0000004c   Code   RO         1058    i.MPU_Get_Temperature  mpu6050.o
    0x08004398   0x00000040   Code   RO         1133    i.MPU_IIC_Ack       mpuiic.o
    0x080043d8   0x00000038   Code   RO         1135    i.MPU_IIC_Init      mpuiic.o
    0x08004410   0x00000040   Code   RO         1136    i.MPU_IIC_NAck      mpuiic.o
    0x08004450   0x0000006c   Code   RO         1137    i.MPU_IIC_Read_Byte  mpuiic.o
    0x080044bc   0x00000058   Code   RO         1138    i.MPU_IIC_Send_Byte  mpuiic.o
    0x08004514   0x00000040   Code   RO         1139    i.MPU_IIC_Start     mpuiic.o
    0x08004554   0x00000044   Code   RO         1140    i.MPU_IIC_Stop      mpuiic.o
    0x08004598   0x00000058   Code   RO         1141    i.MPU_IIC_Wait_Ack  mpuiic.o
    0x080045f0   0x000000c0   Code   RO         1059    i.MPU_Init          mpu6050.o
    0x080046b0   0x0000003a   Code   RO         1060    i.MPU_Read_Byte     mpu6050.o
    0x080046ea   0x0000006a   Code   RO         1061    i.MPU_Read_Len      mpu6050.o
    0x08004754   0x0000000a   Code   RO         1062    i.MPU_Set_Accel_Fsr  mpu6050.o
    0x0800475e   0x0000000a   Code   RO         1063    i.MPU_Set_Gyro_Fsr  mpu6050.o
    0x08004768   0x00000030   Code   RO         1064    i.MPU_Set_LPF       mpu6050.o
    0x08004798   0x0000002e   Code   RO         1065    i.MPU_Set_Rate      mpu6050.o
    0x080047c6   0x00000002   PAD
    0x080047c8   0x0000009c   Code   RO          389    i.MPU_USER_Init     user_mpu6050.o
    0x08004864   0x0000003c   Code   RO         1066    i.MPU_Write_Byte    mpu6050.o
    0x080048a0   0x00000052   Code   RO         1067    i.MPU_Write_Len     mpu6050.o
    0x080048f2   0x00000002   PAD
    0x080048f4   0x000000a8   Code   RO          390    i.MPU_wRA           user_mpu6050.o
    0x0800499c   0x00000054   Code   RO          275    i.Matrix_33_31      array.o
    0x080049f0   0x0000005a   Code   RO          276    i.Matrix_33_33      array.o
    0x08004a4a   0x00000002   Code   RO          158    i.MemManage_Handler  stm32f10x_it.o
    0x08004a4c   0x00000002   Code   RO          159    i.NMI_Handler       stm32f10x_it.o
    0x08004a4e   0x00000002   PAD
    0x08004a50   0x00000064   Code   RO         1977    i.NVIC_Init         misc.o
    0x08004ab4   0x00000014   Code   RO         1978    i.NVIC_PriorityGroupConfig  misc.o
    0x08004ac8   0x00000044   Code   RO          277    i.PWM_Duty_Set      array.o
    0x08004b0c   0x00000002   Code   RO          160    i.PendSV_Handler    stm32f10x_it.o
    0x08004b0e   0x00000002   PAD
    0x08004b10   0x00000014   Code   RO         2247    i.RCC_ADCCLKConfig  stm32f10x_rcc.o
    0x08004b24   0x00000018   Code   RO         2248    i.RCC_AHBPeriphClockCmd  stm32f10x_rcc.o
    0x08004b3c   0x00000018   Code   RO         2249    i.RCC_APB1PeriphClockCmd  stm32f10x_rcc.o
    0x08004b54   0x00000018   Code   RO         2250    i.RCC_APB1PeriphResetCmd  stm32f10x_rcc.o
    0x08004b6c   0x00000018   Code   RO         2251    i.RCC_APB2PeriphClockCmd  stm32f10x_rcc.o
    0x08004b84   0x00000018   Code   RO         2252    i.RCC_APB2PeriphResetCmd  stm32f10x_rcc.o
    0x08004b9c   0x00000094   Code   RO         2259    i.RCC_GetClocksFreq  stm32f10x_rcc.o
    0x08004c30   0x00000054   Code   RO          513    i.Remote_KEY_Init   key.o
    0x08004c84   0x00000104   Code   RO          514    i.Remote_KEY_Scan   key.o
    0x08004d88   0x00000038   Code   RO          903    i.SCCB_No_Ack       sccb.o
    0x08004dc0   0x0000006c   Code   RO          904    i.SCCB_RD_Byte      sccb.o
    0x08004e2c   0x00000052   Code   RO          905    i.SCCB_RD_Reg       sccb.o
    0x08004e7e   0x00000002   PAD
    0x08004e80   0x0000002c   Code   RO          906    i.SCCB_Start        sccb.o
    0x08004eac   0x00000030   Code   RO          907    i.SCCB_Stop         sccb.o
    0x08004edc   0x00000088   Code   RO          908    i.SCCB_WR_Byte      sccb.o
    0x08004f64   0x0000004e   Code   RO          909    i.SCCB_WR_Reg       sccb.o
    0x08004fb2   0x00000002   Code   RO          161    i.SVC_Handler       stm32f10x_it.o
    0x08004fb4   0x000000a8   Code   RO          238    i.SetSysClockTo72   system_stm32f10x.o
    0x0800505c   0x00000060   Code   RO          449    i.Sigmoid           control_system.o
    0x080050bc   0x00000018   Code   RO         1981    i.SysTick_CLKSourceConfig  misc.o
    0x080050d4   0x00000002   Code   RO          162    i.SysTick_Handler   stm32f10x_it.o
    0x080050d6   0x00000002   PAD
    0x080050d8   0x00000050   Code   RO          240    i.SystemInit        system_stm32f10x.o
    0x08005128   0x0000006c   Code   RO         2681    i.TI1_Config        stm32f10x_tim.o
    0x08005194   0x0000007c   Code   RO         2682    i.TI2_Config        stm32f10x_tim.o
    0x08005210   0x00000034   Code   RO          845    i.TIM3_IRQHandler   timer.o
    0x08005244   0x0000008c   Code   RO          847    i.TIM3_PWM_Init     timer.o
    0x080052d0   0x0000003c   Code   RO         4971    i.TIM4_IRQHandler   usmart.o
    0x0800530c   0x00000080   Code   RO          744    i.TIM5_CH2_Cap_Init  tpad.o
    0x0800538c   0x00000088   Code   RO          849    i.TIM5_IRQHandler   timer.o
    0x08005414   0x00000040   Code   RO          850    i.TIM6_IRQHandler   timer.o
    0x08005454   0x00000014   Code   RO         2683    i.TIM_ARRPreloadConfig  stm32f10x_tim.o
    0x08005468   0x00000006   Code   RO         2689    i.TIM_ClearFlag     stm32f10x_tim.o
    0x0800546e   0x00000006   Code   RO         2690    i.TIM_ClearITPendingBit  stm32f10x_tim.o
    0x08005474   0x00000014   Code   RO         2695    i.TIM_Cmd           stm32f10x_tim.o
    0x08005488   0x00000004   Code   RO         2710    i.TIM_GetCapture1   stm32f10x_tim.o
    0x0800548c   0x00000004   Code   RO         2711    i.TIM_GetCapture2   stm32f10x_tim.o
    0x08005490   0x00000004   Code   RO         2714    i.TIM_GetCounter    stm32f10x_tim.o
    0x08005494   0x0000000e   Code   RO         2715    i.TIM_GetFlagStatus  stm32f10x_tim.o
    0x080054a2   0x00000018   Code   RO         2716    i.TIM_GetITStatus   stm32f10x_tim.o
    0x080054ba   0x00000002   PAD
    0x080054bc   0x0000012c   Code   RO         2718    i.TIM_ICInit        stm32f10x_tim.o
    0x080055e8   0x00000010   Code   RO         2720    i.TIM_ITConfig      stm32f10x_tim.o
    0x080055f8   0x0000000c   Code   RO         2726    i.TIM_OC1PolarityConfig  stm32f10x_tim.o
    0x08005604   0x0000007c   Code   RO         2734    i.TIM_OC3Init       stm32f10x_tim.o
    0x08005680   0x0000000c   Code   RO         2737    i.TIM_OC3PreloadConfig  stm32f10x_tim.o
    0x0800568c   0x00000004   Code   RO         2754    i.TIM_SetAutoreload  stm32f10x_tim.o
    0x08005690   0x00000004   Code   RO         2758    i.TIM_SetCompare3   stm32f10x_tim.o
    0x08005694   0x00000004   Code   RO         2760    i.TIM_SetCounter    stm32f10x_tim.o
    0x08005698   0x00000010   Code   RO         2761    i.TIM_SetIC1Prescaler  stm32f10x_tim.o
    0x080056a8   0x00000018   Code   RO         2762    i.TIM_SetIC2Prescaler  stm32f10x_tim.o
    0x080056c0   0x00000010   Code   RO         2763    i.TIM_SetIC3Prescaler  stm32f10x_tim.o
    0x080056d0   0x00000018   Code   RO         2764    i.TIM_SetIC4Prescaler  stm32f10x_tim.o
    0x080056e8   0x0000009c   Code   RO         2766    i.TIM_TimeBaseInit  stm32f10x_tim.o
    0x08005784   0x0000003c   Code   RO          746    i.TPAD_Get_Val      tpad.o
    0x080057c0   0x000000a8   Code   RO          747    i.TPAD_Init         tpad.o
    0x08005868   0x00000060   Code   RO          748    i.TPAD_Reset        tpad.o
    0x080058c8   0x00000060   Code   RO         4972    i.Timer4_Init       usmart.o
    0x08005928   0x000000a0   Code   RO         1773    i.UART4_IRQHandler  usart.o
    0x080059c8   0x00000098   Code   RO         1778    i.UART5_IRQHandler  usart.o
    0x08005a60   0x00000090   Code   RO         1783    i.USART1_IRQHandler  usart.o
    0x08005af0   0x0000014c   Code   RO         1784    i.USART1_Init       usart.o
    0x08005c3c   0x0000003c   Code   RO         1785    i.USART1_SendData   usart.o
    0x08005c78   0x0000001a   Code   RO         1786    i.USART1_printf     usart.o
    0x08005c92   0x00000002   PAD
    0x08005c94   0x000000c8   Code   RO         1789    i.USART2_IRQHandler  usart.o
    0x08005d5c   0x00000100   Code   RO         1790    i.USART2_Init       usart.o
    0x08005e5c   0x000000a0   Code   RO         1794    i.USART3_IRQHandler  usart.o
    0x08005efc   0x00000014   Code   RO         2451    i.USART_Cmd         stm32f10x_usart.o
    0x08005f10   0x00000074   Code   RO         2453    i.USART_DeInit      stm32f10x_usart.o
    0x08005f84   0x0000000e   Code   RO         2454    i.USART_GetFlagStatus  stm32f10x_usart.o
    0x08005f92   0x00000030   Code   RO         2457    i.USART_ITConfig    stm32f10x_usart.o
    0x08005fc2   0x00000002   PAD
    0x08005fc4   0x000000ac   Code   RO         2458    i.USART_Init        stm32f10x_usart.o
    0x08006070   0x00000008   Code   RO         2468    i.USART_SendData    stm32f10x_usart.o
    0x08006078   0x00000002   Code   RO          163    i.UsageFault_Handler  stm32f10x_it.o
    0x0800607a   0x00000002   PAD
    0x0800607c   0x00000020   Code   RO         5428    i.__0printf         mc_w.l(printfa.o)
    0x0800609c   0x00000028   Code   RO         5430    i.__0sprintf        mc_w.l(printfa.o)
    0x080060c4   0x00000028   Code   RO         5525    i.__ARM_fpclassify  m_ws.l(fpclassify.o)
    0x080060ec   0x00000388   Code   RO         5530    i.__ieee754_rem_pio2  m_ws.l(rred.o)
    0x08006474   0x000000fc   Code   RO         5508    i.__kernel_cos      m_ws.l(cos_i.o)
    0x08006570   0x000000aa   Code   RO         5527    i.__kernel_poly     m_ws.l(poly.o)
    0x0800661a   0x00000002   PAD
    0x0800661c   0x000000ec   Code   RO         5535    i.__kernel_sin      m_ws.l(sin_i.o)
    0x08006708   0x00000006   Code   RO         5512    i.__mathlib_dbl_infnan  m_ws.l(dunder.o)
    0x0800670e   0x00000004   Code   RO         5513    i.__mathlib_dbl_infnan2  m_ws.l(dunder.o)
    0x08006712   0x0000000c   Code   RO         5514    i.__mathlib_dbl_invalid  m_ws.l(dunder.o)
    0x0800671e   0x0000000e   Code   RO         5515    i.__mathlib_dbl_overflow  m_ws.l(dunder.o)
    0x0800672c   0x00000010   Code   RO         5517    i.__mathlib_dbl_underflow  m_ws.l(dunder.o)
    0x0800673c   0x0000000e   Code   RO         5587    i.__scatterload_copy  mc_w.l(handlers.o)
    0x0800674a   0x00000002   Code   RO         5588    i.__scatterload_null  mc_w.l(handlers.o)
    0x0800674c   0x0000000e   Code   RO         5589    i.__scatterload_zeroinit  mc_w.l(handlers.o)
    0x0800675a   0x00000002   PAD
    0x0800675c   0x0000000c   Code   RO         5567    i.__set_errno       mc_w.l(errno.o)
    0x08006768   0x00000164   Code   RO         5435    i._fp_digits        mc_w.l(printfa.o)
    0x080068cc   0x000006dc   Code   RO         5436    i._printf_core      mc_w.l(printfa.o)
    0x08006fa8   0x00000024   Code   RO         5437    i._printf_post_padding  mc_w.l(printfa.o)
    0x08006fcc   0x0000002e   Code   RO         5438    i._printf_pre_padding  mc_w.l(printfa.o)
    0x08006ffa   0x0000000a   Code   RO         5440    i._sputc            mc_w.l(printfa.o)
    0x08007004   0x0000007c   Code   RO         1220    i.accel_self_test   inv_mpu.o
    0x08007080   0x00000270   Code   RO         5129    i.asin              m_ws.l(asin.o)
    0x080072f0   0x00000220   Code   RO         5499    i.atan              m_ws.l(atan.o)
    0x08007510   0x00000180   Code   RO         5139    i.atan2             m_ws.l(atan2.o)
    0x08007690   0x0000009c   Code   RO         5147    i.cos               m_ws.l(cos.o)
    0x0800772c   0x0000003c   Code   RO         1717    i.delay_init        delay.o
    0x08007768   0x00000034   Code   RO         1718    i.delay_ms          delay.o
    0x0800779c   0x00000034   Code   RO         1719    i.delay_us          delay.o
    0x080077d0   0x0000003a   Code   RO         1544    i.dmp_enable_6x_lp_quat  inv_mpu_dmp_motion_driver.o
    0x0800780a   0x00000002   PAD
    0x0800780c   0x000001dc   Code   RO         1545    i.dmp_enable_feature  inv_mpu_dmp_motion_driver.o
    0x080079e8   0x00000038   Code   RO         1546    i.dmp_enable_gyro_cal  inv_mpu_dmp_motion_driver.o
    0x08007a20   0x0000003a   Code   RO         1547    i.dmp_enable_lp_quat  inv_mpu_dmp_motion_driver.o
    0x08007a5a   0x00000002   PAD
    0x08007a5c   0x00000014   Code   RO         1552    i.dmp_load_motion_driver_firmware  inv_mpu_dmp_motion_driver.o
    0x08007a70   0x00000148   Code   RO         1553    i.dmp_read_fifo     inv_mpu_dmp_motion_driver.o
    0x08007bb8   0x000000d8   Code   RO         1556    i.dmp_set_accel_bias  inv_mpu_dmp_motion_driver.o
    0x08007c90   0x00000064   Code   RO         1557    i.dmp_set_fifo_rate  inv_mpu_dmp_motion_driver.o
    0x08007cf4   0x000000cc   Code   RO         1558    i.dmp_set_gyro_bias  inv_mpu_dmp_motion_driver.o
    0x08007dc0   0x0000010c   Code   RO         1560    i.dmp_set_orientation  inv_mpu_dmp_motion_driver.o
    0x08007ecc   0x00000030   Code   RO         1563    i.dmp_set_shake_reject_thresh  inv_mpu_dmp_motion_driver.o
    0x08007efc   0x00000020   Code   RO         1564    i.dmp_set_shake_reject_time  inv_mpu_dmp_motion_driver.o
    0x08007f1c   0x00000020   Code   RO         1565    i.dmp_set_shake_reject_timeout  inv_mpu_dmp_motion_driver.o
    0x08007f3c   0x00000040   Code   RO         1566    i.dmp_set_tap_axes  inv_mpu_dmp_motion_driver.o
    0x08007f7c   0x00000022   Code   RO         1567    i.dmp_set_tap_count  inv_mpu_dmp_motion_driver.o
    0x08007f9e   0x00000002   PAD
    0x08007fa0   0x00000128   Code   RO         1568    i.dmp_set_tap_thresh  inv_mpu_dmp_motion_driver.o
    0x080080c8   0x00000020   Code   RO         1569    i.dmp_set_tap_time  inv_mpu_dmp_motion_driver.o
    0x080080e8   0x00000020   Code   RO         1570    i.dmp_set_tap_time_multi  inv_mpu_dmp_motion_driver.o
    0x08008108   0x00000284   Code   RO         5155    i.exp               m_ws.l(exp.o)
    0x0800838c   0x00000018   Code   RO         1799    i.fputc             usart.o
    0x080083a4   0x000000a8   Code   RO         1221    i.get_accel_prod_shift  inv_mpu.o
    0x0800844c   0x00000314   Code   RO         1222    i.get_st_biases     inv_mpu.o
    0x08008760   0x000000d8   Code   RO         1223    i.gyro_self_test    inv_mpu.o
    0x08008838   0x00000022   Code   RO         1224    i.inv_orientation_matrix_to_scalar  inv_mpu.o
    0x0800885a   0x00000048   Code   RO         1225    i.inv_row_2_scale   inv_mpu.o
    0x080088a2   0x00000002   PAD
    0x080088a4   0x00000960   Code   RO            1    i.main              main.o
    0x08009204   0x00000002   Code   RO         1226    i.mget_ms           inv_mpu.o
    0x08009206   0x0000004e   Code   RO          391    i.mpu6050_send_data  user_mpu6050.o
    0x08009254   0x00000058   Code   RO         1227    i.mpu_configure_fifo  inv_mpu.o
    0x080092ac   0x000001a0   Code   RO         1228    i.mpu_dmp_get_data  inv_mpu.o
    0x0800944c   0x000000a4   Code   RO         1229    i.mpu_dmp_init      inv_mpu.o
    0x080094f0   0x0000003c   Code   RO         1230    i.mpu_get_accel_fsr  inv_mpu.o
    0x0800952c   0x00000044   Code   RO         1232    i.mpu_get_accel_sens  inv_mpu.o
    0x08009570   0x00000034   Code   RO         1238    i.mpu_get_gyro_fsr  inv_mpu.o
    0x080095a4   0x00000040   Code   RO         1240    i.mpu_get_gyro_sens  inv_mpu.o
    0x080095e4   0x00000038   Code   RO         1242    i.mpu_get_lpf       inv_mpu.o
    0x0800961c   0x0000001c   Code   RO         1244    i.mpu_get_sample_rate  inv_mpu.o
    0x08009638   0x00000188   Code   RO         1246    i.mpu_init          inv_mpu.o
    0x080097c0   0x000000a4   Code   RO         1247    i.mpu_load_firmware  inv_mpu.o
    0x08009864   0x000000b8   Code   RO         1248    i.mpu_lp_accel_mode  inv_mpu.o
    0x0800991c   0x00000090   Code   RO         1251    i.mpu_read_fifo_stream  inv_mpu.o
    0x080099ac   0x00000054   Code   RO         1252    i.mpu_read_mem      inv_mpu.o
    0x08009a00   0x0000015c   Code   RO         1255    i.mpu_reset_fifo    inv_mpu.o
    0x08009b5c   0x000000f0   Code   RO         1256    i.mpu_run_self_test  inv_mpu.o
    0x08009c4c   0x00000068   Code   RO         1258    i.mpu_set_accel_fsr  inv_mpu.o
    0x08009cb4   0x000000dc   Code   RO         1259    i.mpu_set_bypass    inv_mpu.o
    0x08009d90   0x00000078   Code   RO         1261    i.mpu_set_dmp_state  inv_mpu.o
    0x08009e08   0x0000006c   Code   RO         1262    i.mpu_set_gyro_fsr  inv_mpu.o
    0x08009e74   0x00000064   Code   RO         1263    i.mpu_set_int_latched  inv_mpu.o
    0x08009ed8   0x0000006c   Code   RO         1265    i.mpu_set_lpf       inv_mpu.o
    0x08009f44   0x00000078   Code   RO         1266    i.mpu_set_sample_rate  inv_mpu.o
    0x08009fbc   0x000000b8   Code   RO         1267    i.mpu_set_sensors   inv_mpu.o
    0x0800a074   0x00000054   Code   RO         1268    i.mpu_write_mem     inv_mpu.o
    0x0800a0c8   0x00000004   Code   RO         4973    i.read_addr         usmart.o
    0x0800a0cc   0x00000080   Code   RO         1269    i.run_self_test     inv_mpu.o
    0x0800a14c   0x00000054   Code   RO         1270    i.set_int_enable    inv_mpu.o
    0x0800a1a0   0x000000a0   Code   RO         5165    i.sin               m_ws.l(sin.o)
    0x0800a240   0x0000004c   Code   RO         5173    i.sqrt              m_ws.l(sqrt.o)
    0x0800a28c   0x00000070   Code   RO          451    i.steer_Control     control_system.o
    0x0800a2fc   0x00000074   Code   RO          980    i.steer_Init        steer.o
    0x0800a370   0x0000012c   Code   RO          981    i.steer_move        steer.o
    0x0800a49c   0x00000024   Code   RO          983    i.steer_speed_choice  steer.o
    0x0800a4c0   0x00000060   Code   RO          392    i.usart1_niming_report  user_mpu6050.o
    0x0800a520   0x00000092   Code   RO          393    i.usart1_report_imu  user_mpu6050.o
    0x0800a5b2   0x00000002   PAD
    0x0800a5b4   0x00000024   Code   RO          394    i.usart1_send_char  user_mpu6050.o
    0x0800a5d8   0x00000094   Code   RO         4974    i.usmart_cmd_rec    usmart.o
    0x0800a66c   0x00000260   Code   RO         4975    i.usmart_exe        usmart.o
    0x0800a8cc   0x0000009c   Code   RO         5061    i.usmart_get_aparm  usmart_str.o
    0x0800a968   0x0000002e   Code   RO         5062    i.usmart_get_cmdname  usmart_str.o
    0x0800a996   0x00000002   PAD
    0x0800a998   0x00000168   Code   RO         5063    i.usmart_get_fname  usmart_str.o
    0x0800ab00   0x000000d0   Code   RO         5064    i.usmart_get_fparam  usmart_str.o
    0x0800abd0   0x00000024   Code   RO         5065    i.usmart_get_parmpos  usmart_str.o
    0x0800abf4   0x00000038   Code   RO         4976    i.usmart_get_runtime  usmart.o
    0x0800ac2c   0x00000028   Code   RO         4977    i.usmart_init       usmart.o
    0x0800ac54   0x00000010   Code   RO         5066    i.usmart_pow        usmart_str.o
    0x0800ac64   0x00000030   Code   RO         4978    i.usmart_reset_runtime  usmart.o
    0x0800ac94   0x000000a4   Code   RO         4979    i.usmart_scan       usmart.o
    0x0800ad38   0x00000010   Code   RO         5067    i.usmart_search_nextc  usmart_str.o
    0x0800ad48   0x000000a0   Code   RO         5068    i.usmart_str2num    usmart_str.o
    0x0800ade8   0x00000018   Code   RO         5069    i.usmart_strcmp     usmart_str.o
    0x0800ae00   0x00000012   Code   RO         5070    i.usmart_strcopy    usmart_str.o
    0x0800ae12   0x00000012   Code   RO         5071    i.usmart_strlen     usmart_str.o
    0x0800ae24   0x00000670   Code   RO         4980    i.usmart_sys_cmd_exe  usmart.o
    0x0800b494   0x00000004   Code   RO         4981    i.write_addr        usmart.o
    0x0800b498   0x000017c0   Data   RO          579    .constdata          lcd.o
    0x0800cc58   0x0000001b   Data   RO         1272    .constdata          inv_mpu.o
    0x0800cc73   0x00000001   PAD
    0x0800cc74   0x0000000c   Data   RO         1273    .constdata          inv_mpu.o
    0x0800cc80   0x00000028   Data   RO         1274    .constdata          inv_mpu.o
    0x0800cca8   0x00000bf6   Data   RO         1572    .constdata          inv_mpu_dmp_motion_driver.o
    0x0800d89e   0x00000002   PAD
    0x0800d8a0   0x00000050   Data   RO         5130    .constdata          m_ws.l(asin.o)
    0x0800d8f0   0x00000058   Data   RO         5156    .constdata          m_ws.l(exp.o)
    0x0800d948   0x00000098   Data   RO         5500    .constdata          m_ws.l(atan.o)
    0x0800d9e0   0x00000030   Data   RO         5509    .constdata          m_ws.l(cos_i.o)
    0x0800da10   0x00000008   Data   RO         5529    .constdata          m_ws.l(qnan.o)
    0x0800da18   0x000000c8   Data   RO         5532    .constdata          m_ws.l(rred.o)
    0x0800dae0   0x00000028   Data   RO         5536    .constdata          m_ws.l(sin_i.o)
    0x0800db08   0x0000004d   Data   RO         1275    .conststring        inv_mpu.o
    0x0800db55   0x00000003   PAD
    0x0800db58   0x00000028   Data   RO         4982    .conststring        usmart.o
    0x0800db80   0x000000a3   Data   RO         5047    .conststring        usmart_config.o
    0x0800dc23   0x00000001   PAD
    0x0800dc24   0x00000020   Data   RO         5585    Region$$Table       anon$$obj.o


    Execution Region RW_IRAM1 (Base: 0x20000000, Size: 0x000015f8, Max: 0x00010000, ABSOLUTE, COMPRESSED[0x0000008c])

    Base Addr    Size         Type   Attr      Idx    E Section Name        Object

    0x20000000   0x00000008   Data   RW            6    .data               main.o
    0x20000008   0x00000014   Data   RW          241    .data               system_stm32f10x.o
    0x2000001c   0x00000004   Data   RW          360    .data               user_adc.o
    0x20000020   0x00000008   Data   RW          395    .data               user_mpu6050.o
    0x20000028   0x00000002   Data   RW          515    .data               key.o
    0x2000002a   0x00000004   Data   RW          580    .data               lcd.o
    0x2000002e   0x00000004   Data   RW          750    .data               tpad.o
    0x20000032   0x00000002   Data   RW          798    .data               exti.o
    0x20000034   0x00000004   Data   RW          853    .data               timer.o
    0x20000038   0x00000014   Data   RW          984    .data               steer.o
    0x2000004c   0x00000004   Data   RW          986    .data               steer.o
    0x20000050   0x00000002   Data   RW         1030    .data               hc08.o
    0x20000052   0x00000002   PAD
    0x20000054   0x00000035   Data   RW         1276    .data               inv_mpu.o
    0x20000089   0x00000001   PAD
    0x2000008a   0x00000004   Data   RW         1720    .data               delay.o
    0x2000008e   0x00000002   Data   RW         1802    .data               usart.o
    0x20000090   0x00000010   Data   RW         1803    .data               usart.o
    0x200000a0   0x00000004   Data   RW         1804    .data               usart.o
    0x200000a4   0x00000014   Data   RW         2279    .data               stm32f10x_rcc.o
    0x200000b8   0x0000001c   Data   RW         4983    .data               usmart.o
    0x200000d4   0x00000030   Data   RW         5048    .data               usmart_config.o
    0x20000104   0x000000f4   Data   RW         5049    .data               usmart_config.o
    0x200001f8   0x00000004   Data   RW         5568    .data               mc_w.l(errno.o)
    0x200001fc   0x0000000e   Zero   RW          578    .bss                lcd.o
    0x2000020a   0x00000002   PAD
    0x2000020c   0x00000010   Zero   RW         1571    .bss                inv_mpu_dmp_motion_driver.o
    0x2000021c   0x00000f10   Zero   RW         1800    .bss                usart.o
    0x2000112c   0x000000c8   Zero   RW         1801    .bss                usart.o
    0x200011f4   0x00000004   PAD
    0x200011f8   0x00000400   Zero   RW         1970    STACK               startup_stm32f10x_hd.o


==============================================================================

Image component sizes


      Code (inc. data)   RO Data    RW Data    ZI Data      Debug   Object Name

       234         16          0          0          0       1779   adc.o
      1338         38          0          0          0       6327   array.o
       608         68          0          0          0       3232   control_system.o
       164         26          0          4          0       1671   delay.o
       284         40          0          2          0       2360   exti.o
       172         74          0          2          0       2712   hc08.o
      5316        286        156         53          0      30682   inv_mpu.o
      2354        116       3062          0         16      19946   inv_mpu_dmp_motion_driver.o
       440         42          0          2          0       2896   key.o
      9392        156       6080          4         14      50043   lcd.o
        80         10          0          0          0        507   led.o
      2400        594          0          8          0     290922   main.o
       144         16          0          0          0       2041   misc.o
       788         30          0          0          0       7963   mpu6050.o
       600         66          0          0          0       5198   mpuiic.o
       552         36          0          0          0       4347   sccb.o
        36          8        304          0       1024        796   startup_stm32f10x_hd.o
       452         22          0         24          0       2873   steer.o
       364         22          0          0          0       8570   stm32f10x_adc.o
        12          6          0          0          0        497   stm32f10x_exti.o
       232          6          0          0          0       1845   stm32f10x_fsmc.o
       266          6          0          0          0       4462   stm32f10x_gpio.o
        18          0          0          0          0       3686   stm32f10x_it.o
       288         52          0         20          0       6687   stm32f10x_rcc.o
      1046        114          0          0          0      16118   stm32f10x_tim.o
       378         26          0          0          0       5544   stm32f10x_usart.o
         0          0          0          0          0         32   sys.o
       248         24          0         20          0       1729   system_stm32f10x.o
       392         48          0          4          0       2726   timer.o
       452         52          0          4          0       3531   tpad.o
      1514        330          0         22       4056      10357   usart.o
       224         42          0          4          0       1474   user_adc.o
      1732         96          0          8          0       7561   user_mpu6050.o
      2876       1332         40         28          0       7602   usmart.o
         0          0        163        292          0       1764   usmart_config.o
      1058         20          0          0          0       8919   usmart_str.o

    ----------------------------------------------------------------------
     36490       3820       9844        504       5116     529399   Object Totals
         0          0         32          0          0          0   (incl. Generated)
        36          0          7          3          6          0   (incl. Padding)

    ----------------------------------------------------------------------

      Code (inc. data)   RO Data    RW Data    ZI Data      Debug   Library Member Name

       624         52         80          0          0        168   asin.o
       544         70        152          0          0        124   atan.o
       384         38          0          0          0        144   atan2.o
       156          8          0          0          0        104   cos.o
       252         22         48          0          0        124   cos_i.o
        52          6          0          0          0        340   dunder.o
       644         90         88          0          0        204   exp.o
        40          0          0          0          0         68   fpclassify.o
       170          0          0          0          0         96   poly.o
         0          0          8          0          0          0   qnan.o
       904         76        200          0          0        140   rred.o
       160         10          0          0          0        108   sin.o
       236         12         40          0          0        128   sin_i.o
        76          0          0          0          0         84   sqrt.o
        86          0          0          0          0          0   __dczerorl2.o
         0          0          0          0          0          0   entry.o
         0          0          0          0          0          0   entry10a.o
         0          0          0          0          0          0   entry11a.o
         8          4          0          0          0          0   entry2.o
         4          0          0          0          0          0   entry5.o
         0          0          0          0          0          0   entry7b.o
         0          0          0          0          0          0   entry8b.o
         8          4          0          0          0          0   entry9a.o
        12          6          0          4          0         68   errno.o
        30          0          0          0          0          0   handlers.o
        36          8          0          0          0         68   init.o
         0          0          0          0          0          0   iusefp.o
        98          0          0          0          0         84   ldiv.o
        30          0          0          0          0         68   llshl.o
        36          0          0          0          0         68   llsshr.o
        32          0          0          0          0         68   llushr.o
        26          0          0          0          0         80   memcmp.o
        36          0          0          0          0         68   memcpya.o
        36          0          0          0          0        108   memseta.o
      2276         96          0          0          0        596   printfa.o
        14          0          0          0          0         68   strlen.o
        44          0          0          0          0         80   uidiv.o
        98          0          0          0          0         92   uldiv.o
        48          0          0          0          0         68   cdcmple.o
        48          0          0          0          0         68   cdrcmple.o
        20          0          0          0          0         68   cfcmple.o
        20          0          0          0          0         68   cfrcmple.o
        56          0          0          0          0         88   d2f.o
       334          0          0          0          0        148   dadd.o
       222          0          0          0          0        100   ddiv.o
       186          0          0          0          0        176   depilogue.o
        62          0          0          0          0         80   dfixi.o
        50          0          0          0          0         76   dfixui.o
        48          0          0          0          0         68   dfixul.o
        34          0          0          0          0         76   dflti.o
        26          0          0          0          0         76   dfltui.o
       228          0          0          0          0         96   dmul.o
        46          0          0          0          0         80   dscalb.o
       162          0          0          0          0        100   dsqrt.o
        38          0          0          0          0         68   f2d.o
       176          0          0          0          0        140   fadd.o
       124          0          0          0          0         88   fdiv.o
       110          0          0          0          0        168   fepilogue.o
        50          0          0          0          0         68   ffixi.o
        40          0          0          0          0         68   ffixui.o
        18          0          0          0          0         68   fflti.o
        10          0          0          0          0         68   ffltui.o
       100          0          0          0          0         76   fmul.o
        24          0          0          0          0         68   fscalb.o

    ----------------------------------------------------------------------
      9438        502        616          4          0       5664   Library Totals
         6          0          0          0          0          0   (incl. Padding)

    ----------------------------------------------------------------------

      Code (inc. data)   RO Data    RW Data    ZI Data      Debug   Library Name

      4242        384        616          0          0       1832   m_ws.l
      2910        118          0          4          0       1516   mc_w.l
      2280          0          0          0          0       2316   mf_w.l

    ----------------------------------------------------------------------
      9438        502        616          4          0       5664   Library Totals

    ----------------------------------------------------------------------

==============================================================================


      Code (inc. data)   RO Data    RW Data    ZI Data      Debug   

     45928       4322      10460        508       5116     519279   Grand Totals
     45928       4322      10460        140       5116     519279   ELF Image Totals (compressed)
     45928       4322      10460        140          0          0   ROM Totals

==============================================================================

    Total RO  Size (Code + RO Data)                56388 (  55.07kB)
    Total RW  Size (RW Data + ZI Data)              5624 (   5.49kB)
    Total ROM Size (Code + RO Data + RW Data)      56528 (  55.20kB)

==============================================================================

